Command line invocation:
    /Applications/Xcode.app/Contents/Developer/usr/bin/xcodebuild -scheme lms_project -project lms_project.xcodeproj -sdk iphonesimulator build

Build settings from command line:
    SDKROOT = iphonesimulator26.4

Resolve Package Graph


Resolved source packages:
  grpc-swift: https://github.com/grpc/grpc-swift.git @ 2.2.3
  swift-nio-ssl: https://github.com/apple/swift-nio-ssl.git @ 2.37.0
  swift-service-lifecycle: https://github.com/swift-server/swift-service-lifecycle.git @ 2.11.0
  grpc-swift-protobuf: https://github.com/grpc/grpc-swift-protobuf.git @ 1.3.1
  grpc-swift-nio-transport: https://github.com/grpc/grpc-swift-nio-transport.git @ 1.2.3
  swift-collections: https://github.com/apple/swift-collections.git @ 1.4.1
  swift-http-structured-headers: https://github.com/apple/swift-http-structured-headers.git @ 1.7.0
  swift-http-types: https://github.com/apple/swift-http-types.git @ 1.5.1
  swift-system: https://github.com/apple/swift-system.git @ 1.6.4
  swift-crypto: https://github.com/apple/swift-crypto.git @ 4.4.0
  swift-asn1: https://github.com/apple/swift-asn1.git @ 1.7.0
  swift-log: https://github.com/apple/swift-log.git @ 1.12.0
  SwiftProtobuf: https://github.com/apple/swift-protobuf.git @ 1.36.1
  swift-nio: https://github.com/apple/swift-nio.git @ 2.98.0
  swift-nio-extras: https://github.com/apple/swift-nio-extras.git @ 1.34.0
  swift-atomics: https://github.com/apple/swift-atomics.git @ 1.3.0
  swift-numerics: https://github.com/apple/swift-numerics.git @ 1.1.1
  swift-nio-http2: https://github.com/apple/swift-nio-http2.git @ 1.43.0
  swift-nio-transport-services: https://github.com/apple/swift-nio-transport-services.git @ 1.27.0
  swift-certificates: https://github.com/apple/swift-certificates.git @ 1.19.0
  swift-algorithms: https://github.com/apple/swift-algorithms.git @ 1.2.1
  swift-async-algorithms: https://github.com/apple/swift-async-algorithms.git @ 1.1.3

2026-04-23 14:42:01.690 xcodebuild[75274:1424754] [MT] IDERunDestination: Supported platforms for the buildables in the current scheme is empty.
--- xcodebuild: WARNING: Using the first of multiple matching destinations:
{ platform:iOS Simulator, id:dvtdevice-DVTiOSDeviceSimulatorPlaceholder-iphonesimulator:placeholder, name:Any iOS Simulator Device }
{ platform:iOS Simulator, arch:arm64, id:97472653-11E9-49E4-999B-6EA260380DA7, OS:26.4, name:iPad (A16) }
{ platform:iOS Simulator, arch:arm64, id:5F88ACED-D9BB-492E-AFB5-CAA9D89CAEF6, OS:26.4, name:iPad Air 11-inch (M4) }
{ platform:iOS Simulator, arch:arm64, id:A5AD85BA-2B61-4FAC-8F54-2502C9B8FE4A, OS:26.4, name:iPad Air 13-inch (M4) }
{ platform:iOS Simulator, arch:arm64, id:497CAFC6-0752-485A-BEFB-19BE30B83433, OS:26.4, name:iPad Pro 11-inch (M5) }
{ platform:iOS Simulator, arch:arm64, id:63DCECF6-B565-49A6-B3C1-50E088CBEEA4, OS:26.4, name:iPad Pro 13-inch (M5) }
{ platform:iOS Simulator, arch:arm64, id:053D4F5E-C6BD-4566-B34B-16A1C62D4386, OS:26.4, name:iPad mini (A17 Pro) }
{ platform:macOS, arch:arm64, variant:Designed for [iPad,iPhone], id:00006000-001811682689801E, name:My Mac }
{ platform:iOS, id:dvtdevice-DVTiPhonePlaceholder-iphoneos:placeholder, name:Any iOS Device }
ComputePackagePrebuildTargetDependencyGraph

Prepare packages

CreateBuildRequest

SendProjectDescription

CreateBuildOperation

ComputeTargetDependencyGraph
note: Building targets in dependency order
note: Target dependency graph (89 targets)
    Target 'lms_project' in project 'lms_project'
        ➜ Explicit dependency on target 'GRPCCore' in project 'grpc-swift'
        ➜ Explicit dependency on target 'GRPCProtobuf' in project 'grpc-swift-protobuf'
        ➜ Explicit dependency on target 'GRPCNIOTransportHTTP2' in project 'grpc-swift-nio-transport'
        ➜ Explicit dependency on target 'SwiftProtobuf' in project 'SwiftProtobuf'
    Target 'GRPCNIOTransportHTTP2' in project 'grpc-swift-nio-transport'
        ➜ Explicit dependency on target 'GRPCNIOTransportHTTP2' in project 'grpc-swift-nio-transport'
        ➜ Explicit dependency on target 'CGRPCNIOTransportZlib' in project 'grpc-swift-nio-transport'
        ➜ Explicit dependency on target 'GRPCNIOTransportCore' in project 'grpc-swift-nio-transport'
        ➜ Explicit dependency on target 'GRPCNIOTransportHTTP2Posix' in project 'grpc-swift-nio-transport'
        ➜ Explicit dependency on target 'GRPCNIOTransportHTTP2TransportServices' in project 'grpc-swift-nio-transport'
        ➜ Explicit dependency on target 'GRPCCore' in project 'grpc-swift'
        ➜ Explicit dependency on target 'NIOCore' in project 'swift-nio'
        ➜ Explicit dependency on target 'NIOHTTP2' in project 'swift-nio-http2'
        ➜ Explicit dependency on target 'NIOExtras' in project 'swift-nio-extras'
        ➜ Explicit dependency on target 'NIOPosix' in project 'swift-nio'
        ➜ Explicit dependency on target 'NIOSSL' in project 'swift-nio-ssl'
        ➜ Explicit dependency on target 'X509' in project 'swift-certificates'
        ➜ Explicit dependency on target 'SwiftASN1' in project 'swift-asn1'
        ➜ Explicit dependency on target 'NIOCertificateReloading' in project 'swift-nio-extras'
        ➜ Explicit dependency on target 'NIOTransportServices' in project 'swift-nio-transport-services'
    Target 'GRPCNIOTransportHTTP2' in project 'grpc-swift-nio-transport'
        ➜ Explicit dependency on target 'CGRPCNIOTransportZlib' in project 'grpc-swift-nio-transport'
        ➜ Explicit dependency on target 'GRPCNIOTransportCore' in project 'grpc-swift-nio-transport'
        ➜ Explicit dependency on target 'GRPCNIOTransportHTTP2Posix' in project 'grpc-swift-nio-transport'
        ➜ Explicit dependency on target 'GRPCNIOTransportHTTP2TransportServices' in project 'grpc-swift-nio-transport'
        ➜ Explicit dependency on target 'GRPCCore' in project 'grpc-swift'
        ➜ Explicit dependency on target 'NIOCore' in project 'swift-nio'
        ➜ Explicit dependency on target 'NIOHTTP2' in project 'swift-nio-http2'
        ➜ Explicit dependency on target 'NIOExtras' in project 'swift-nio-extras'
        ➜ Explicit dependency on target 'NIOPosix' in project 'swift-nio'
        ➜ Explicit dependency on target 'NIOSSL' in project 'swift-nio-ssl'
        ➜ Explicit dependency on target 'X509' in project 'swift-certificates'
        ➜ Explicit dependency on target 'SwiftASN1' in project 'swift-asn1'
        ➜ Explicit dependency on target 'NIOCertificateReloading' in project 'swift-nio-extras'
        ➜ Explicit dependency on target 'NIOTransportServices' in project 'swift-nio-transport-services'
    Target 'GRPCNIOTransportHTTP2TransportServices' in project 'grpc-swift-nio-transport'
        ➜ Explicit dependency on target 'CGRPCNIOTransportZlib' in project 'grpc-swift-nio-transport'
        ➜ Explicit dependency on target 'GRPCNIOTransportCore' in project 'grpc-swift-nio-transport'
        ➜ Explicit dependency on target 'GRPCCore' in project 'grpc-swift'
        ➜ Explicit dependency on target 'NIOCore' in project 'swift-nio'
        ➜ Explicit dependency on target 'NIOHTTP2' in project 'swift-nio-http2'
        ➜ Explicit dependency on target 'NIOExtras' in project 'swift-nio-extras'
        ➜ Explicit dependency on target 'NIOTransportServices' in project 'swift-nio-transport-services'
    Target 'NIOTransportServices' in project 'swift-nio-transport-services'
        ➜ Explicit dependency on target 'NIOTransportServices' in project 'swift-nio-transport-services'
        ➜ Explicit dependency on target 'NIO' in project 'swift-nio'
        ➜ Explicit dependency on target 'NIOCore' in project 'swift-nio'
        ➜ Explicit dependency on target 'NIOFoundationCompat' in project 'swift-nio'
        ➜ Explicit dependency on target 'NIOTLS' in project 'swift-nio'
        ➜ Explicit dependency on target 'Atomics' in project 'swift-atomics'
    Target 'NIOTransportServices' in project 'swift-nio-transport-services'
        ➜ Explicit dependency on target 'NIO' in project 'swift-nio'
        ➜ Explicit dependency on target 'NIOCore' in project 'swift-nio'
        ➜ Explicit dependency on target 'NIOFoundationCompat' in project 'swift-nio'
        ➜ Explicit dependency on target 'NIOTLS' in project 'swift-nio'
        ➜ Explicit dependency on target 'Atomics' in project 'swift-atomics'
    Target 'NIOFoundationCompat' in project 'swift-nio'
        ➜ Explicit dependency on target 'NIOFoundationCompat' in project 'swift-nio'
        ➜ Explicit dependency on target 'CNIOAtomics' in project 'swift-nio'
        ➜ Explicit dependency on target 'NIOConcurrencyHelpers' in project 'swift-nio'
        ➜ Explicit dependency on target '_NIOBase64' in project 'swift-nio'
        ➜ Explicit dependency on target 'CNIOOpenBSD' in project 'swift-nio'
        ➜ Explicit dependency on target 'CNIODarwin' in project 'swift-nio'
        ➜ Explicit dependency on target 'CNIOLinux' in project 'swift-nio'
        ➜ Explicit dependency on target 'CNIOWindows' in project 'swift-nio'
        ➜ Explicit dependency on target 'CNIOWASI' in project 'swift-nio'
        ➜ Explicit dependency on target '_NIODataStructures' in project 'swift-nio'
        ➜ Explicit dependency on target 'NIOCore' in project 'swift-nio'
        ➜ Explicit dependency on target 'NIOEmbedded' in project 'swift-nio'
        ➜ Explicit dependency on target 'CNIOPosix' in project 'swift-nio'
        ➜ Explicit dependency on target 'NIOPosix' in project 'swift-nio'
        ➜ Explicit dependency on target 'NIO' in project 'swift-nio'
        ➜ Explicit dependency on target 'DequeModule' in project 'swift-collections'
        ➜ Explicit dependency on target 'Atomics' in project 'swift-atomics'
    Target 'NIOFoundationCompat' in project 'swift-nio'
        ➜ Explicit dependency on target 'CNIOAtomics' in project 'swift-nio'
        ➜ Explicit dependency on target 'NIOConcurrencyHelpers' in project 'swift-nio'
        ➜ Explicit dependency on target '_NIOBase64' in project 'swift-nio'
        ➜ Explicit dependency on target 'CNIOOpenBSD' in project 'swift-nio'
        ➜ Explicit dependency on target 'CNIODarwin' in project 'swift-nio'
        ➜ Explicit dependency on target 'CNIOLinux' in project 'swift-nio'
        ➜ Explicit dependency on target 'CNIOWindows' in project 'swift-nio'
        ➜ Explicit dependency on target 'CNIOWASI' in project 'swift-nio'
        ➜ Explicit dependency on target '_NIODataStructures' in project 'swift-nio'
        ➜ Explicit dependency on target 'NIOCore' in project 'swift-nio'
        ➜ Explicit dependency on target 'NIOEmbedded' in project 'swift-nio'
        ➜ Explicit dependency on target 'CNIOPosix' in project 'swift-nio'
        ➜ Explicit dependency on target 'NIOPosix' in project 'swift-nio'
        ➜ Explicit dependency on target 'NIO' in project 'swift-nio'
        ➜ Explicit dependency on target 'DequeModule' in project 'swift-collections'
        ➜ Explicit dependency on target 'Atomics' in project 'swift-atomics'
    Target 'GRPCNIOTransportHTTP2Posix' in project 'grpc-swift-nio-transport'
        ➜ Explicit dependency on target 'CGRPCNIOTransportZlib' in project 'grpc-swift-nio-transport'
        ➜ Explicit dependency on target 'GRPCNIOTransportCore' in project 'grpc-swift-nio-transport'
        ➜ Explicit dependency on target 'GRPCCore' in project 'grpc-swift'
        ➜ Explicit dependency on target 'NIOCore' in project 'swift-nio'
        ➜ Explicit dependency on target 'NIOHTTP2' in project 'swift-nio-http2'
        ➜ Explicit dependency on target 'NIOExtras' in project 'swift-nio-extras'
        ➜ Explicit dependency on target 'NIOPosix' in project 'swift-nio'
        ➜ Explicit dependency on target 'NIOSSL' in project 'swift-nio-ssl'
        ➜ Explicit dependency on target 'X509' in project 'swift-certificates'
        ➜ Explicit dependency on target 'SwiftASN1' in project 'swift-asn1'
        ➜ Explicit dependency on target 'NIOCertificateReloading' in project 'swift-nio-extras'
    Target 'NIOCertificateReloading' in project 'swift-nio-extras'
        ➜ Explicit dependency on target 'NIOCertificateReloading' in project 'swift-nio-extras'
        ➜ Explicit dependency on target 'NIOCore' in project 'swift-nio'
        ➜ Explicit dependency on target 'NIOSSL' in project 'swift-nio-ssl'
        ➜ Explicit dependency on target 'X509' in project 'swift-certificates'
        ➜ Explicit dependency on target 'SwiftASN1' in project 'swift-asn1'
        ➜ Explicit dependency on target 'ServiceLifecycle' in project 'swift-service-lifecycle'
        ➜ Explicit dependency on target 'AsyncAlgorithms' in project 'swift-async-algorithms'
        ➜ Explicit dependency on target 'Logging' in project 'swift-log'
    Target 'NIOCertificateReloading' in project 'swift-nio-extras'
        ➜ Explicit dependency on target 'NIOCore' in project 'swift-nio'
        ➜ Explicit dependency on target 'NIOSSL' in project 'swift-nio-ssl'
        ➜ Explicit dependency on target 'X509' in project 'swift-certificates'
        ➜ Explicit dependency on target 'SwiftASN1' in project 'swift-asn1'
        ➜ Explicit dependency on target 'ServiceLifecycle' in project 'swift-service-lifecycle'
        ➜ Explicit dependency on target 'AsyncAlgorithms' in project 'swift-async-algorithms'
        ➜ Explicit dependency on target 'Logging' in project 'swift-log'
    Target 'ServiceLifecycle' in project 'swift-service-lifecycle'
        ➜ Explicit dependency on target 'ServiceLifecycle' in project 'swift-service-lifecycle'
        ➜ Explicit dependency on target 'ConcurrencyHelpers' in project 'swift-service-lifecycle'
        ➜ Explicit dependency on target 'UnixSignals' in project 'swift-service-lifecycle'
        ➜ Explicit dependency on target 'Logging' in project 'swift-log'
        ➜ Explicit dependency on target 'AsyncAlgorithms' in project 'swift-async-algorithms'
    Target 'ServiceLifecycle' in project 'swift-service-lifecycle'
        ➜ Explicit dependency on target 'ConcurrencyHelpers' in project 'swift-service-lifecycle'
        ➜ Explicit dependency on target 'UnixSignals' in project 'swift-service-lifecycle'
        ➜ Explicit dependency on target 'Logging' in project 'swift-log'
        ➜ Explicit dependency on target 'AsyncAlgorithms' in project 'swift-async-algorithms'
    Target 'AsyncAlgorithms' in project 'swift-async-algorithms'
        ➜ Explicit dependency on target 'AsyncAlgorithms' in project 'swift-async-algorithms'
        ➜ Explicit dependency on target 'OrderedCollections' in project 'swift-collections'
        ➜ Explicit dependency on target 'DequeModule' in project 'swift-collections'
    Target 'AsyncAlgorithms' in project 'swift-async-algorithms'
        ➜ Explicit dependency on target 'OrderedCollections' in project 'swift-collections'
        ➜ Explicit dependency on target 'DequeModule' in project 'swift-collections'
    Target 'OrderedCollections' in project 'swift-collections'
        ➜ Explicit dependency on target 'OrderedCollections' in project 'swift-collections'
        ➜ Explicit dependency on target 'InternalCollectionsUtilities' in project 'swift-collections'
    Target 'OrderedCollections' in project 'swift-collections'
        ➜ Explicit dependency on target 'InternalCollectionsUtilities' in project 'swift-collections'
    Target 'Logging' in project 'swift-log'
        ➜ Explicit dependency on target 'Logging' in project 'swift-log'
    Target 'Logging' in project 'swift-log' (no dependencies)
    Target 'UnixSignals' in project 'swift-service-lifecycle'
        ➜ Explicit dependency on target 'ConcurrencyHelpers' in project 'swift-service-lifecycle'
    Target 'ConcurrencyHelpers' in project 'swift-service-lifecycle' (no dependencies)
    Target 'X509' in project 'swift-certificates'
        ➜ Explicit dependency on target 'X509' in project 'swift-certificates'
        ➜ Explicit dependency on target '_CertificateInternals' in project 'swift-certificates'
        ➜ Explicit dependency on target 'SwiftASN1' in project 'swift-asn1'
        ➜ Explicit dependency on target 'Crypto' in project 'swift-crypto'
        ➜ Explicit dependency on target '_CryptoExtras' in project 'swift-crypto'
    Target 'X509' in project 'swift-certificates'
        ➜ Explicit dependency on target '_CertificateInternals' in project 'swift-certificates'
        ➜ Explicit dependency on target 'SwiftASN1' in project 'swift-asn1'
        ➜ Explicit dependency on target 'Crypto' in project 'swift-crypto'
        ➜ Explicit dependency on target '_CryptoExtras' in project 'swift-crypto'
    Target '_CryptoExtras' in project 'swift-crypto'
        ➜ Explicit dependency on target '_CryptoExtras' in project 'swift-crypto'
        ➜ Explicit dependency on target 'CCryptoBoringSSL' in project 'swift-crypto'
        ➜ Explicit dependency on target 'CCryptoBoringSSLShims' in project 'swift-crypto'
        ➜ Explicit dependency on target 'CryptoBoringWrapper' in project 'swift-crypto'
        ➜ Explicit dependency on target 'Crypto' in project 'swift-crypto'
        ➜ Explicit dependency on target 'CryptoExtras' in project 'swift-crypto'
        ➜ Explicit dependency on target 'SwiftASN1' in project 'swift-asn1'
    Target '_CryptoExtras' in project 'swift-crypto'
        ➜ Explicit dependency on target 'CCryptoBoringSSL' in project 'swift-crypto'
        ➜ Explicit dependency on target 'CCryptoBoringSSLShims' in project 'swift-crypto'
        ➜ Explicit dependency on target 'CryptoBoringWrapper' in project 'swift-crypto'
        ➜ Explicit dependency on target 'Crypto' in project 'swift-crypto'
        ➜ Explicit dependency on target 'CryptoExtras' in project 'swift-crypto'
        ➜ Explicit dependency on target 'SwiftASN1' in project 'swift-asn1'
    Target 'CryptoExtras' in project 'swift-crypto'
        ➜ Explicit dependency on target 'swift-crypto_CryptoExtras' in project 'swift-crypto'
        ➜ Explicit dependency on target 'CCryptoBoringSSL' in project 'swift-crypto'
        ➜ Explicit dependency on target 'CCryptoBoringSSLShims' in project 'swift-crypto'
        ➜ Explicit dependency on target 'CryptoBoringWrapper' in project 'swift-crypto'
        ➜ Explicit dependency on target 'Crypto' in project 'swift-crypto'
        ➜ Explicit dependency on target 'SwiftASN1' in project 'swift-asn1'
    Target 'swift-crypto_CryptoExtras' in project 'swift-crypto' (no dependencies)
    Target 'CryptoBoringWrapper' in project 'swift-crypto'
        ➜ Explicit dependency on target 'swift-crypto_CryptoBoringWrapper' in project 'swift-crypto'
        ➜ Explicit dependency on target 'CCryptoBoringSSL' in project 'swift-crypto'
        ➜ Explicit dependency on target 'CCryptoBoringSSLShims' in project 'swift-crypto'
    Target 'swift-crypto_CryptoBoringWrapper' in project 'swift-crypto' (no dependencies)
    Target 'CCryptoBoringSSLShims' in project 'swift-crypto'
        ➜ Explicit dependency on target 'swift-crypto_CCryptoBoringSSLShims' in project 'swift-crypto'
        ➜ Explicit dependency on target 'CCryptoBoringSSL' in project 'swift-crypto'
    Target 'swift-crypto_CCryptoBoringSSLShims' in project 'swift-crypto' (no dependencies)
    Target 'CCryptoBoringSSL' in project 'swift-crypto'
        ➜ Explicit dependency on target 'swift-crypto_CCryptoBoringSSL' in project 'swift-crypto'
    Target 'swift-crypto_CCryptoBoringSSL' in project 'swift-crypto' (no dependencies)
    Target 'Crypto' in project 'swift-crypto'
        ➜ Explicit dependency on target 'Crypto' in project 'swift-crypto'
        ➜ Explicit dependency on target 'swift-crypto_Crypto' in project 'swift-crypto'
    Target 'Crypto' in project 'swift-crypto'
        ➜ Explicit dependency on target 'swift-crypto_Crypto' in project 'swift-crypto'
    Target 'swift-crypto_Crypto' in project 'swift-crypto' (no dependencies)
    Target 'SwiftASN1' in project 'swift-asn1'
        ➜ Explicit dependency on target 'SwiftASN1' in project 'swift-asn1'
    Target 'SwiftASN1' in project 'swift-asn1' (no dependencies)
    Target '_CertificateInternals' in project 'swift-certificates' (no dependencies)
    Target 'NIOSSL' in project 'swift-nio-ssl'
        ➜ Explicit dependency on target 'NIOSSL' in project 'swift-nio-ssl'
        ➜ Explicit dependency on target 'swift-nio-ssl_NIOSSL' in project 'swift-nio-ssl'
        ➜ Explicit dependency on target 'CNIOBoringSSL' in project 'swift-nio-ssl'
        ➜ Explicit dependency on target 'CNIOBoringSSLShims' in project 'swift-nio-ssl'
        ➜ Explicit dependency on target 'NIO' in project 'swift-nio'
        ➜ Explicit dependency on target 'NIOCore' in project 'swift-nio'
        ➜ Explicit dependency on target 'NIOConcurrencyHelpers' in project 'swift-nio'
        ➜ Explicit dependency on target 'NIOTLS' in project 'swift-nio'
    Target 'NIOSSL' in project 'swift-nio-ssl'
        ➜ Explicit dependency on target 'swift-nio-ssl_NIOSSL' in project 'swift-nio-ssl'
        ➜ Explicit dependency on target 'CNIOBoringSSL' in project 'swift-nio-ssl'
        ➜ Explicit dependency on target 'CNIOBoringSSLShims' in project 'swift-nio-ssl'
        ➜ Explicit dependency on target 'NIO' in project 'swift-nio'
        ➜ Explicit dependency on target 'NIOCore' in project 'swift-nio'
        ➜ Explicit dependency on target 'NIOConcurrencyHelpers' in project 'swift-nio'
        ➜ Explicit dependency on target 'NIOTLS' in project 'swift-nio'
    Target 'CNIOBoringSSLShims' in project 'swift-nio-ssl'
        ➜ Explicit dependency on target 'CNIOBoringSSL' in project 'swift-nio-ssl'
    Target 'CNIOBoringSSL' in project 'swift-nio-ssl' (no dependencies)
    Target 'swift-nio-ssl_NIOSSL' in project 'swift-nio-ssl' (no dependencies)
    Target 'NIOPosix' in project 'swift-nio'
        ➜ Explicit dependency on target 'NIOPosix' in project 'swift-nio'
        ➜ Explicit dependency on target 'swift-nio_NIOPosix' in project 'swift-nio'
        ➜ Explicit dependency on target 'CNIOOpenBSD' in project 'swift-nio'
        ➜ Explicit dependency on target 'CNIOLinux' in project 'swift-nio'
        ➜ Explicit dependency on target 'CNIODarwin' in project 'swift-nio'
        ➜ Explicit dependency on target 'CNIOWindows' in project 'swift-nio'
        ➜ Explicit dependency on target 'CNIOAtomics' in project 'swift-nio'
        ➜ Explicit dependency on target 'NIOConcurrencyHelpers' in project 'swift-nio'
        ➜ Explicit dependency on target '_NIOBase64' in project 'swift-nio'
        ➜ Explicit dependency on target 'CNIOWASI' in project 'swift-nio'
        ➜ Explicit dependency on target '_NIODataStructures' in project 'swift-nio'
        ➜ Explicit dependency on target 'NIOCore' in project 'swift-nio'
        ➜ Explicit dependency on target 'CNIOPosix' in project 'swift-nio'
        ➜ Explicit dependency on target 'DequeModule' in project 'swift-collections'
        ➜ Explicit dependency on target 'Atomics' in project 'swift-atomics'
    Target 'GRPCNIOTransportCore' in project 'grpc-swift-nio-transport'
        ➜ Explicit dependency on target 'CGRPCNIOTransportZlib' in project 'grpc-swift-nio-transport'
        ➜ Explicit dependency on target 'GRPCCore' in project 'grpc-swift'
        ➜ Explicit dependency on target 'NIOCore' in project 'swift-nio'
        ➜ Explicit dependency on target 'NIOHTTP2' in project 'swift-nio-http2'
        ➜ Explicit dependency on target 'NIOExtras' in project 'swift-nio-extras'
    Target 'NIOExtras' in project 'swift-nio-extras'
        ➜ Explicit dependency on target 'NIOExtras' in project 'swift-nio-extras'
        ➜ Explicit dependency on target 'NIO' in project 'swift-nio'
        ➜ Explicit dependency on target 'NIOCore' in project 'swift-nio'
        ➜ Explicit dependency on target 'NIOHTTP1' in project 'swift-nio'
    Target 'NIOExtras' in project 'swift-nio-extras'
        ➜ Explicit dependency on target 'NIO' in project 'swift-nio'
        ➜ Explicit dependency on target 'NIOCore' in project 'swift-nio'
        ➜ Explicit dependency on target 'NIOHTTP1' in project 'swift-nio'
    Target 'NIOHTTP2' in project 'swift-nio-http2'
        ➜ Explicit dependency on target 'NIOHTTP2' in project 'swift-nio-http2'
        ➜ Explicit dependency on target 'NIOHPACK' in project 'swift-nio-http2'
        ➜ Explicit dependency on target 'NIO' in project 'swift-nio'
        ➜ Explicit dependency on target 'NIOCore' in project 'swift-nio'
        ➜ Explicit dependency on target 'NIOConcurrencyHelpers' in project 'swift-nio'
        ➜ Explicit dependency on target 'NIOHTTP1' in project 'swift-nio'
        ➜ Explicit dependency on target 'NIOTLS' in project 'swift-nio'
        ➜ Explicit dependency on target 'Atomics' in project 'swift-atomics'
    Target 'NIOHTTP2' in project 'swift-nio-http2'
        ➜ Explicit dependency on target 'NIOHPACK' in project 'swift-nio-http2'
        ➜ Explicit dependency on target 'NIO' in project 'swift-nio'
        ➜ Explicit dependency on target 'NIOCore' in project 'swift-nio'
        ➜ Explicit dependency on target 'NIOConcurrencyHelpers' in project 'swift-nio'
        ➜ Explicit dependency on target 'NIOHTTP1' in project 'swift-nio'
        ➜ Explicit dependency on target 'NIOTLS' in project 'swift-nio'
        ➜ Explicit dependency on target 'Atomics' in project 'swift-atomics'
    Target 'NIOTLS' in project 'swift-nio'
        ➜ Explicit dependency on target 'NIOTLS' in project 'swift-nio'
        ➜ Explicit dependency on target 'CNIOAtomics' in project 'swift-nio'
        ➜ Explicit dependency on target 'NIOConcurrencyHelpers' in project 'swift-nio'
        ➜ Explicit dependency on target '_NIOBase64' in project 'swift-nio'
        ➜ Explicit dependency on target 'CNIOOpenBSD' in project 'swift-nio'
        ➜ Explicit dependency on target 'CNIODarwin' in project 'swift-nio'
        ➜ Explicit dependency on target 'CNIOLinux' in project 'swift-nio'
        ➜ Explicit dependency on target 'CNIOWindows' in project 'swift-nio'
        ➜ Explicit dependency on target 'CNIOWASI' in project 'swift-nio'
        ➜ Explicit dependency on target '_NIODataStructures' in project 'swift-nio'
        ➜ Explicit dependency on target 'NIOCore' in project 'swift-nio'
        ➜ Explicit dependency on target 'NIOEmbedded' in project 'swift-nio'
        ➜ Explicit dependency on target 'CNIOPosix' in project 'swift-nio'
        ➜ Explicit dependency on target 'NIOPosix' in project 'swift-nio'
        ➜ Explicit dependency on target 'NIO' in project 'swift-nio'
        ➜ Explicit dependency on target 'DequeModule' in project 'swift-collections'
        ➜ Explicit dependency on target 'Atomics' in project 'swift-atomics'
    Target 'NIOTLS' in project 'swift-nio'
        ➜ Explicit dependency on target 'CNIOAtomics' in project 'swift-nio'
        ➜ Explicit dependency on target 'NIOConcurrencyHelpers' in project 'swift-nio'
        ➜ Explicit dependency on target '_NIOBase64' in project 'swift-nio'
        ➜ Explicit dependency on target 'CNIOOpenBSD' in project 'swift-nio'
        ➜ Explicit dependency on target 'CNIODarwin' in project 'swift-nio'
        ➜ Explicit dependency on target 'CNIOLinux' in project 'swift-nio'
        ➜ Explicit dependency on target 'CNIOWindows' in project 'swift-nio'
        ➜ Explicit dependency on target 'CNIOWASI' in project 'swift-nio'
        ➜ Explicit dependency on target '_NIODataStructures' in project 'swift-nio'
        ➜ Explicit dependency on target 'NIOCore' in project 'swift-nio'
        ➜ Explicit dependency on target 'NIOEmbedded' in project 'swift-nio'
        ➜ Explicit dependency on target 'CNIOPosix' in project 'swift-nio'
        ➜ Explicit dependency on target 'NIOPosix' in project 'swift-nio'
        ➜ Explicit dependency on target 'NIO' in project 'swift-nio'
        ➜ Explicit dependency on target 'DequeModule' in project 'swift-collections'
        ➜ Explicit dependency on target 'Atomics' in project 'swift-atomics'
    Target 'NIOHPACK' in project 'swift-nio-http2'
        ➜ Explicit dependency on target 'NIO' in project 'swift-nio'
        ➜ Explicit dependency on target 'NIOCore' in project 'swift-nio'
        ➜ Explicit dependency on target 'NIOConcurrencyHelpers' in project 'swift-nio'
        ➜ Explicit dependency on target 'NIOHTTP1' in project 'swift-nio'
    Target 'NIOHTTP1' in project 'swift-nio'
        ➜ Explicit dependency on target 'NIOHTTP1' in project 'swift-nio'
        ➜ Explicit dependency on target 'CNIOAtomics' in project 'swift-nio'
        ➜ Explicit dependency on target 'NIOConcurrencyHelpers' in project 'swift-nio'
        ➜ Explicit dependency on target '_NIOBase64' in project 'swift-nio'
        ➜ Explicit dependency on target 'CNIOOpenBSD' in project 'swift-nio'
        ➜ Explicit dependency on target 'CNIODarwin' in project 'swift-nio'
        ➜ Explicit dependency on target 'CNIOLinux' in project 'swift-nio'
        ➜ Explicit dependency on target 'CNIOWindows' in project 'swift-nio'
        ➜ Explicit dependency on target 'CNIOWASI' in project 'swift-nio'
        ➜ Explicit dependency on target '_NIODataStructures' in project 'swift-nio'
        ➜ Explicit dependency on target 'NIOCore' in project 'swift-nio'
        ➜ Explicit dependency on target 'NIOEmbedded' in project 'swift-nio'
        ➜ Explicit dependency on target 'CNIOPosix' in project 'swift-nio'
        ➜ Explicit dependency on target 'NIOPosix' in project 'swift-nio'
        ➜ Explicit dependency on target 'NIO' in project 'swift-nio'
        ➜ Explicit dependency on target 'CNIOLLHTTP' in project 'swift-nio'
        ➜ Explicit dependency on target 'DequeModule' in project 'swift-collections'
        ➜ Explicit dependency on target 'Atomics' in project 'swift-atomics'
    Target 'NIOHTTP1' in project 'swift-nio'
        ➜ Explicit dependency on target 'CNIOAtomics' in project 'swift-nio'
        ➜ Explicit dependency on target 'NIOConcurrencyHelpers' in project 'swift-nio'
        ➜ Explicit dependency on target '_NIOBase64' in project 'swift-nio'
        ➜ Explicit dependency on target 'CNIOOpenBSD' in project 'swift-nio'
        ➜ Explicit dependency on target 'CNIODarwin' in project 'swift-nio'
        ➜ Explicit dependency on target 'CNIOLinux' in project 'swift-nio'
        ➜ Explicit dependency on target 'CNIOWindows' in project 'swift-nio'
        ➜ Explicit dependency on target 'CNIOWASI' in project 'swift-nio'
        ➜ Explicit dependency on target '_NIODataStructures' in project 'swift-nio'
        ➜ Explicit dependency on target 'NIOCore' in project 'swift-nio'
        ➜ Explicit dependency on target 'NIOEmbedded' in project 'swift-nio'
        ➜ Explicit dependency on target 'CNIOPosix' in project 'swift-nio'
        ➜ Explicit dependency on target 'NIOPosix' in project 'swift-nio'
        ➜ Explicit dependency on target 'NIO' in project 'swift-nio'
        ➜ Explicit dependency on target 'CNIOLLHTTP' in project 'swift-nio'
        ➜ Explicit dependency on target 'DequeModule' in project 'swift-collections'
        ➜ Explicit dependency on target 'Atomics' in project 'swift-atomics'
    Target 'CNIOLLHTTP' in project 'swift-nio' (no dependencies)
    Target 'NIOConcurrencyHelpers' in project 'swift-nio'
        ➜ Explicit dependency on target 'NIOConcurrencyHelpers' in project 'swift-nio'
        ➜ Explicit dependency on target 'CNIOAtomics' in project 'swift-nio'
    Target 'NIO' in project 'swift-nio'
        ➜ Explicit dependency on target 'NIO' in project 'swift-nio'
        ➜ Explicit dependency on target 'CNIOAtomics' in project 'swift-nio'
        ➜ Explicit dependency on target 'NIOConcurrencyHelpers' in project 'swift-nio'
        ➜ Explicit dependency on target '_NIOBase64' in project 'swift-nio'
        ➜ Explicit dependency on target 'CNIOOpenBSD' in project 'swift-nio'
        ➜ Explicit dependency on target 'CNIODarwin' in project 'swift-nio'
        ➜ Explicit dependency on target 'CNIOLinux' in project 'swift-nio'
        ➜ Explicit dependency on target 'CNIOWindows' in project 'swift-nio'
        ➜ Explicit dependency on target 'CNIOWASI' in project 'swift-nio'
        ➜ Explicit dependency on target '_NIODataStructures' in project 'swift-nio'
        ➜ Explicit dependency on target 'NIOCore' in project 'swift-nio'
        ➜ Explicit dependency on target 'NIOEmbedded' in project 'swift-nio'
        ➜ Explicit dependency on target 'CNIOPosix' in project 'swift-nio'
        ➜ Explicit dependency on target 'NIOPosix' in project 'swift-nio'
        ➜ Explicit dependency on target 'DequeModule' in project 'swift-collections'
        ➜ Explicit dependency on target 'Atomics' in project 'swift-atomics'
    Target 'NIO' in project 'swift-nio'
        ➜ Explicit dependency on target 'CNIOAtomics' in project 'swift-nio'
        ➜ Explicit dependency on target 'NIOConcurrencyHelpers' in project 'swift-nio'
        ➜ Explicit dependency on target '_NIOBase64' in project 'swift-nio'
        ➜ Explicit dependency on target 'CNIOOpenBSD' in project 'swift-nio'
        ➜ Explicit dependency on target 'CNIODarwin' in project 'swift-nio'
        ➜ Explicit dependency on target 'CNIOLinux' in project 'swift-nio'
        ➜ Explicit dependency on target 'CNIOWindows' in project 'swift-nio'
        ➜ Explicit dependency on target 'CNIOWASI' in project 'swift-nio'
        ➜ Explicit dependency on target '_NIODataStructures' in project 'swift-nio'
        ➜ Explicit dependency on target 'NIOCore' in project 'swift-nio'
        ➜ Explicit dependency on target 'NIOEmbedded' in project 'swift-nio'
        ➜ Explicit dependency on target 'CNIOPosix' in project 'swift-nio'
        ➜ Explicit dependency on target 'NIOPosix' in project 'swift-nio'
        ➜ Explicit dependency on target 'DequeModule' in project 'swift-collections'
        ➜ Explicit dependency on target 'Atomics' in project 'swift-atomics'
    Target 'NIOPosix' in project 'swift-nio'
        ➜ Explicit dependency on target 'swift-nio_NIOPosix' in project 'swift-nio'
        ➜ Explicit dependency on target 'CNIOOpenBSD' in project 'swift-nio'
        ➜ Explicit dependency on target 'CNIOLinux' in project 'swift-nio'
        ➜ Explicit dependency on target 'CNIODarwin' in project 'swift-nio'
        ➜ Explicit dependency on target 'CNIOWindows' in project 'swift-nio'
        ➜ Explicit dependency on target 'CNIOAtomics' in project 'swift-nio'
        ➜ Explicit dependency on target 'NIOConcurrencyHelpers' in project 'swift-nio'
        ➜ Explicit dependency on target '_NIOBase64' in project 'swift-nio'
        ➜ Explicit dependency on target 'CNIOWASI' in project 'swift-nio'
        ➜ Explicit dependency on target '_NIODataStructures' in project 'swift-nio'
        ➜ Explicit dependency on target 'NIOCore' in project 'swift-nio'
        ➜ Explicit dependency on target 'CNIOPosix' in project 'swift-nio'
        ➜ Explicit dependency on target 'DequeModule' in project 'swift-collections'
        ➜ Explicit dependency on target 'Atomics' in project 'swift-atomics'
    Target 'swift-nio_NIOPosix' in project 'swift-nio' (no dependencies)
    Target 'CNIOPosix' in project 'swift-nio' (no dependencies)
    Target 'NIOEmbedded' in project 'swift-nio'
        ➜ Explicit dependency on target 'CNIOAtomics' in project 'swift-nio'
        ➜ Explicit dependency on target 'NIOConcurrencyHelpers' in project 'swift-nio'
        ➜ Explicit dependency on target '_NIOBase64' in project 'swift-nio'
        ➜ Explicit dependency on target 'CNIOOpenBSD' in project 'swift-nio'
        ➜ Explicit dependency on target 'CNIODarwin' in project 'swift-nio'
        ➜ Explicit dependency on target 'CNIOLinux' in project 'swift-nio'
        ➜ Explicit dependency on target 'CNIOWindows' in project 'swift-nio'
        ➜ Explicit dependency on target 'CNIOWASI' in project 'swift-nio'
        ➜ Explicit dependency on target '_NIODataStructures' in project 'swift-nio'
        ➜ Explicit dependency on target 'NIOCore' in project 'swift-nio'
        ➜ Explicit dependency on target 'DequeModule' in project 'swift-collections'
        ➜ Explicit dependency on target 'Atomics' in project 'swift-atomics'
    Target 'NIOCore' in project 'swift-nio'
        ➜ Explicit dependency on target 'NIOCore' in project 'swift-nio'
        ➜ Explicit dependency on target 'CNIOAtomics' in project 'swift-nio'
        ➜ Explicit dependency on target 'NIOConcurrencyHelpers' in project 'swift-nio'
        ➜ Explicit dependency on target '_NIOBase64' in project 'swift-nio'
        ➜ Explicit dependency on target 'CNIOOpenBSD' in project 'swift-nio'
        ➜ Explicit dependency on target 'CNIODarwin' in project 'swift-nio'
        ➜ Explicit dependency on target 'CNIOLinux' in project 'swift-nio'
        ➜ Explicit dependency on target 'CNIOWindows' in project 'swift-nio'
        ➜ Explicit dependency on target 'CNIOWASI' in project 'swift-nio'
        ➜ Explicit dependency on target '_NIODataStructures' in project 'swift-nio'
        ➜ Explicit dependency on target 'DequeModule' in project 'swift-collections'
        ➜ Explicit dependency on target 'Atomics' in project 'swift-atomics'
    Target 'NIOCore' in project 'swift-nio'
        ➜ Explicit dependency on target 'CNIOAtomics' in project 'swift-nio'
        ➜ Explicit dependency on target 'NIOConcurrencyHelpers' in project 'swift-nio'
        ➜ Explicit dependency on target '_NIOBase64' in project 'swift-nio'
        ➜ Explicit dependency on target 'CNIOOpenBSD' in project 'swift-nio'
        ➜ Explicit dependency on target 'CNIODarwin' in project 'swift-nio'
        ➜ Explicit dependency on target 'CNIOLinux' in project 'swift-nio'
        ➜ Explicit dependency on target 'CNIOWindows' in project 'swift-nio'
        ➜ Explicit dependency on target 'CNIOWASI' in project 'swift-nio'
        ➜ Explicit dependency on target '_NIODataStructures' in project 'swift-nio'
        ➜ Explicit dependency on target 'DequeModule' in project 'swift-collections'
        ➜ Explicit dependency on target 'Atomics' in project 'swift-atomics'
    Target 'Atomics' in project 'swift-atomics'
        ➜ Explicit dependency on target 'Atomics' in project 'swift-atomics'
        ➜ Explicit dependency on target '_AtomicsShims' in project 'swift-atomics'
    Target 'Atomics' in project 'swift-atomics'
        ➜ Explicit dependency on target '_AtomicsShims' in project 'swift-atomics'
    Target '_AtomicsShims' in project 'swift-atomics' (no dependencies)
    Target '_NIODataStructures' in project 'swift-nio' (no dependencies)
    Target 'CNIOWASI' in project 'swift-nio' (no dependencies)
    Target 'CNIOWindows' in project 'swift-nio' (no dependencies)
    Target 'CNIOLinux' in project 'swift-nio' (no dependencies)
    Target 'CNIODarwin' in project 'swift-nio' (no dependencies)
    Target 'CNIOOpenBSD' in project 'swift-nio' (no dependencies)
    Target '_NIOBase64' in project 'swift-nio' (no dependencies)
    Target 'NIOConcurrencyHelpers' in project 'swift-nio'
        ➜ Explicit dependency on target 'CNIOAtomics' in project 'swift-nio'
    Target 'CNIOAtomics' in project 'swift-nio' (no dependencies)
    Target 'CGRPCNIOTransportZlib' in project 'grpc-swift-nio-transport' (no dependencies)
    Target 'GRPCProtobuf' in project 'grpc-swift-protobuf'
        ➜ Explicit dependency on target 'GRPCProtobuf' in project 'grpc-swift-protobuf'
        ➜ Explicit dependency on target 'GRPCCore' in project 'grpc-swift'
        ➜ Explicit dependency on target 'SwiftProtobuf' in project 'SwiftProtobuf'
    Target 'GRPCProtobuf' in project 'grpc-swift-protobuf'
        ➜ Explicit dependency on target 'GRPCCore' in project 'grpc-swift'
        ➜ Explicit dependency on target 'SwiftProtobuf' in project 'SwiftProtobuf'
    Target 'SwiftProtobuf' in project 'SwiftProtobuf'
        ➜ Explicit dependency on target 'SwiftProtobuf' in project 'SwiftProtobuf'
        ➜ Explicit dependency on target 'SwiftProtobuf_SwiftProtobuf' in project 'SwiftProtobuf'
    Target 'SwiftProtobuf' in project 'SwiftProtobuf'
        ➜ Explicit dependency on target 'SwiftProtobuf_SwiftProtobuf' in project 'SwiftProtobuf'
    Target 'SwiftProtobuf_SwiftProtobuf' in project 'SwiftProtobuf' (no dependencies)
    Target 'GRPCCore' in project 'grpc-swift'
        ➜ Explicit dependency on target 'GRPCCore' in project 'grpc-swift'
        ➜ Explicit dependency on target 'DequeModule' in project 'swift-collections'
    Target 'GRPCCore' in project 'grpc-swift'
        ➜ Explicit dependency on target 'DequeModule' in project 'swift-collections'
    Target 'DequeModule' in project 'swift-collections'
        ➜ Explicit dependency on target 'DequeModule' in project 'swift-collections'
        ➜ Explicit dependency on target 'InternalCollectionsUtilities' in project 'swift-collections'
        ➜ Explicit dependency on target 'ContainersPreview' in project 'swift-collections'
    Target 'DequeModule' in project 'swift-collections'
        ➜ Explicit dependency on target 'InternalCollectionsUtilities' in project 'swift-collections'
        ➜ Explicit dependency on target 'ContainersPreview' in project 'swift-collections'
    Target 'ContainersPreview' in project 'swift-collections'
        ➜ Explicit dependency on target 'InternalCollectionsUtilities' in project 'swift-collections'
    Target 'InternalCollectionsUtilities' in project 'swift-collections' (no dependencies)

GatherProvisioningInputs

CreateBuildDescription

ExecuteExternalTool /Applications/Xcode.app/Contents/Developer/Toolchains/XcodeDefault.xctoolchain/usr/bin/swiftc --version

ExecuteExternalTool /Applications/Xcode.app/Contents/Developer/Toolchains/XcodeDefault.xctoolchain/usr/bin/clang -v -E -dM -arch arm64 -isysroot /Applications/Xcode.app/Contents/Developer/Platforms/iPhoneSimulator.platform/Developer/SDKs/iPhoneSimulator26.4.sdk -x c -c /dev/null

ExecuteExternalTool /Applications/Xcode.app/Contents/Developer/Toolchains/XcodeDefault.xctoolchain/usr/bin/clang -v -E -dM -isysroot /Applications/Xcode.app/Contents/Developer/Platforms/iPhoneSimulator.platform/Developer/SDKs/iPhoneSimulator26.4.sdk -x c -c /dev/null

ExecuteExternalTool /Applications/Xcode.app/Contents/Developer/Toolchains/XcodeDefault.xctoolchain/usr/bin/ld -version_details

ExecuteExternalTool /Applications/Xcode.app/Contents/Developer/Toolchains/XcodeDefault.xctoolchain/usr/bin/clang -v -E -dM -arch arm64 -isysroot /Applications/Xcode.app/Contents/Developer/Platforms/iPhoneSimulator.platform/Developer/SDKs/iPhoneSimulator26.4.sdk -x c++ -c /dev/null

ExecuteExternalTool /Applications/Xcode.app/Contents/Developer/Toolchains/XcodeDefault.xctoolchain/usr/bin/clang -v -E -dM -arch x86_64 -isysroot /Applications/Xcode.app/Contents/Developer/Platforms/iPhoneSimulator.platform/Developer/SDKs/iPhoneSimulator26.4.sdk -x c -c /dev/null

ExecuteExternalTool /Applications/Xcode.app/Contents/Developer/usr/bin/actool --print-asset-tag-combinations --output-format xml1 /Users/apple/Desktop/lms_project/lms_project/Assets.xcassets

ReadFileContents /Applications/Xcode.app/Contents/Developer/Toolchains/XcodeDefault.xctoolchain/usr/share/docc/features.json

ExecuteExternalTool /Applications/Xcode.app/Contents/Developer/usr/bin/actool --version --output-format xml1

ExecuteExternalTool /Applications/Xcode.app/Contents/Developer/Toolchains/XcodeDefault.xctoolchain/usr/bin/clang -v -E -dM -arch arm64 -isysroot /Applications/Xcode.app/Contents/Developer/Platforms/iPhoneSimulator.platform/Developer/SDKs/iPhoneSimulator26.4.sdk -x assembler-with-cpp -c /dev/null

ExecuteExternalTool /Applications/Xcode.app/Contents/Developer/Toolchains/XcodeDefault.xctoolchain/usr/bin/clang -v -E -dM -arch x86_64 -isysroot /Applications/Xcode.app/Contents/Developer/Platforms/iPhoneSimulator.platform/Developer/SDKs/iPhoneSimulator26.4.sdk -x c++ -c /dev/null

ExecuteExternalTool /Applications/Xcode.app/Contents/Developer/Toolchains/XcodeDefault.xctoolchain/usr/bin/clang -v -E -dM -arch x86_64 -isysroot /Applications/Xcode.app/Contents/Developer/Platforms/iPhoneSimulator.platform/Developer/SDKs/iPhoneSimulator26.4.sdk -x assembler-with-cpp -c /dev/null

Build description signature: 6d1428c289fb517083781589774044a5
Build description path: /Users/apple/Library/Developer/Xcode/DerivedData/lms_project-dxtorljvagkdgcbgecurirpwriog/Build/Intermediates.noindex/XCBuildData/6d1428c289fb517083781589774044a5.xcbuilddata
ClangStatCache /Applications/Xcode.app/Contents/Developer/Toolchains/XcodeDefault.xctoolchain/usr/bin/clang-stat-cache /Applications/Xcode.app/Contents/Developer/Platforms/iPhoneSimulator.platform/Developer/SDKs/iPhoneSimulator26.4.sdk /Users/apple/Library/Developer/Xcode/DerivedData/SDKStatCaches.noindex/iphonesimulator26.4-23E237-686eebb5dc1d8ecb277353a59184f4aa.sdkstatcache
    cd /Users/apple/Desktop/lms_project/lms_project.xcodeproj
    /Applications/Xcode.app/Contents/Developer/Toolchains/XcodeDefault.xctoolchain/usr/bin/clang-stat-cache /Applications/Xcode.app/Contents/Developer/Platforms/iPhoneSimulator.platform/Developer/SDKs/iPhoneSimulator26.4.sdk -o /Users/apple/Library/Developer/Xcode/DerivedData/SDKStatCaches.noindex/iphonesimulator26.4-23E237-686eebb5dc1d8ecb277353a59184f4aa.sdkstatcache

ProcessInfoPlistFile /Users/apple/Library/Developer/Xcode/DerivedData/lms_project-dxtorljvagkdgcbgecurirpwriog/Build/Products/Debug-iphonesimulator/swift-crypto_CryptoExtras.bundle/Info.plist /Users/apple/Library/Developer/Xcode/DerivedData/lms_project-dxtorljvagkdgcbgecurirpwriog/Build/Intermediates.noindex/swift-crypto.build/Debug-iphonesimulator/swift-crypto_CryptoExtras.build/empty-swift-crypto_CryptoExtras.plist (in target 'swift-crypto_CryptoExtras' from project 'swift-crypto')
    cd /Users/apple/Library/Developer/Xcode/DerivedData/lms_project-dxtorljvagkdgcbgecurirpwriog/SourcePackages/checkouts/swift-crypto
    builtin-infoPlistUtility /Users/apple/Library/Developer/Xcode/DerivedData/lms_project-dxtorljvagkdgcbgecurirpwriog/Build/Intermediates.noindex/swift-crypto.build/Debug-iphonesimulator/swift-crypto_CryptoExtras.build/empty-swift-crypto_CryptoExtras.plist -producttype com.apple.product-type.bundle -expandbuildsettings -format binary -platform iphonesimulator -o /Users/apple/Library/Developer/Xcode/DerivedData/lms_project-dxtorljvagkdgcbgecurirpwriog/Build/Products/Debug-iphonesimulator/swift-crypto_CryptoExtras.bundle/Info.plist

ProcessInfoPlistFile /Users/apple/Library/Developer/Xcode/DerivedData/lms_project-dxtorljvagkdgcbgecurirpwriog/Build/Products/Debug-iphonesimulator/swift-nio_NIOPosix.bundle/Info.plist /Users/apple/Library/Developer/Xcode/DerivedData/lms_project-dxtorljvagkdgcbgecurirpwriog/Build/Intermediates.noindex/swift-nio.build/Debug-iphonesimulator/swift-nio_NIOPosix.build/empty-swift-nio_NIOPosix.plist (in target 'swift-nio_NIOPosix' from project 'swift-nio')
    cd /Users/apple/Library/Developer/Xcode/DerivedData/lms_project-dxtorljvagkdgcbgecurirpwriog/SourcePackages/checkouts/swift-nio
    builtin-infoPlistUtility /Users/apple/Library/Developer/Xcode/DerivedData/lms_project-dxtorljvagkdgcbgecurirpwriog/Build/Intermediates.noindex/swift-nio.build/Debug-iphonesimulator/swift-nio_NIOPosix.build/empty-swift-nio_NIOPosix.plist -producttype com.apple.product-type.bundle -expandbuildsettings -format binary -platform iphonesimulator -o /Users/apple/Library/Developer/Xcode/DerivedData/lms_project-dxtorljvagkdgcbgecurirpwriog/Build/Products/Debug-iphonesimulator/swift-nio_NIOPosix.bundle/Info.plist

ProcessInfoPlistFile /Users/apple/Library/Developer/Xcode/DerivedData/lms_project-dxtorljvagkdgcbgecurirpwriog/Build/Products/Debug-iphonesimulator/swift-crypto_Crypto.bundle/Info.plist /Users/apple/Library/Developer/Xcode/DerivedData/lms_project-dxtorljvagkdgcbgecurirpwriog/Build/Intermediates.noindex/swift-crypto.build/Debug-iphonesimulator/swift-crypto_Crypto.build/empty-swift-crypto_Crypto.plist (in target 'swift-crypto_Crypto' from project 'swift-crypto')
    cd /Users/apple/Library/Developer/Xcode/DerivedData/lms_project-dxtorljvagkdgcbgecurirpwriog/SourcePackages/checkouts/swift-crypto
    builtin-infoPlistUtility /Users/apple/Library/Developer/Xcode/DerivedData/lms_project-dxtorljvagkdgcbgecurirpwriog/Build/Intermediates.noindex/swift-crypto.build/Debug-iphonesimulator/swift-crypto_Crypto.build/empty-swift-crypto_Crypto.plist -producttype com.apple.product-type.bundle -expandbuildsettings -format binary -platform iphonesimulator -o /Users/apple/Library/Developer/Xcode/DerivedData/lms_project-dxtorljvagkdgcbgecurirpwriog/Build/Products/Debug-iphonesimulator/swift-crypto_Crypto.bundle/Info.plist

ProcessInfoPlistFile /Users/apple/Library/Developer/Xcode/DerivedData/lms_project-dxtorljvagkdgcbgecurirpwriog/Build/Products/Debug-iphonesimulator/swift-nio-ssl_NIOSSL.bundle/Info.plist /Users/apple/Library/Developer/Xcode/DerivedData/lms_project-dxtorljvagkdgcbgecurirpwriog/Build/Intermediates.noindex/swift-nio-ssl.build/Debug-iphonesimulator/swift-nio-ssl_NIOSSL.build/empty-swift-nio-ssl_NIOSSL.plist (in target 'swift-nio-ssl_NIOSSL' from project 'swift-nio-ssl')
    cd /Users/apple/Library/Developer/Xcode/DerivedData/lms_project-dxtorljvagkdgcbgecurirpwriog/SourcePackages/checkouts/swift-nio-ssl
    builtin-infoPlistUtility /Users/apple/Library/Developer/Xcode/DerivedData/lms_project-dxtorljvagkdgcbgecurirpwriog/Build/Intermediates.noindex/swift-nio-ssl.build/Debug-iphonesimulator/swift-nio-ssl_NIOSSL.build/empty-swift-nio-ssl_NIOSSL.plist -producttype com.apple.product-type.bundle -expandbuildsettings -format binary -platform iphonesimulator -o /Users/apple/Library/Developer/Xcode/DerivedData/lms_project-dxtorljvagkdgcbgecurirpwriog/Build/Products/Debug-iphonesimulator/swift-nio-ssl_NIOSSL.bundle/Info.plist

ProcessInfoPlistFile /Users/apple/Library/Developer/Xcode/DerivedData/lms_project-dxtorljvagkdgcbgecurirpwriog/Build/Products/Debug-iphonesimulator/swift-crypto_CCryptoBoringSSLShims.bundle/Info.plist /Users/apple/Library/Developer/Xcode/DerivedData/lms_project-dxtorljvagkdgcbgecurirpwriog/Build/Intermediates.noindex/swift-crypto.build/Debug-iphonesimulator/swift-crypto_CCryptoBoringSSLShims.build/empty-swift-crypto_CCryptoBoringSSLShims.plist (in target 'swift-crypto_CCryptoBoringSSLShims' from project 'swift-crypto')
    cd /Users/apple/Library/Developer/Xcode/DerivedData/lms_project-dxtorljvagkdgcbgecurirpwriog/SourcePackages/checkouts/swift-crypto
    builtin-infoPlistUtility /Users/apple/Library/Developer/Xcode/DerivedData/lms_project-dxtorljvagkdgcbgecurirpwriog/Build/Intermediates.noindex/swift-crypto.build/Debug-iphonesimulator/swift-crypto_CCryptoBoringSSLShims.build/empty-swift-crypto_CCryptoBoringSSLShims.plist -producttype com.apple.product-type.bundle -expandbuildsettings -format binary -platform iphonesimulator -o /Users/apple/Library/Developer/Xcode/DerivedData/lms_project-dxtorljvagkdgcbgecurirpwriog/Build/Products/Debug-iphonesimulator/swift-crypto_CCryptoBoringSSLShims.bundle/Info.plist

ProcessInfoPlistFile /Users/apple/Library/Developer/Xcode/DerivedData/lms_project-dxtorljvagkdgcbgecurirpwriog/Build/Products/Debug-iphonesimulator/SwiftProtobuf_SwiftProtobuf.bundle/Info.plist /Users/apple/Library/Developer/Xcode/DerivedData/lms_project-dxtorljvagkdgcbgecurirpwriog/Build/Intermediates.noindex/SwiftProtobuf.build/Debug-iphonesimulator/SwiftProtobuf_SwiftProtobuf.build/empty-SwiftProtobuf_SwiftProtobuf.plist (in target 'SwiftProtobuf_SwiftProtobuf' from project 'SwiftProtobuf')
    cd /Users/apple/Library/Developer/Xcode/DerivedData/lms_project-dxtorljvagkdgcbgecurirpwriog/SourcePackages/checkouts/swift-protobuf
    builtin-infoPlistUtility /Users/apple/Library/Developer/Xcode/DerivedData/lms_project-dxtorljvagkdgcbgecurirpwriog/Build/Intermediates.noindex/SwiftProtobuf.build/Debug-iphonesimulator/SwiftProtobuf_SwiftProtobuf.build/empty-SwiftProtobuf_SwiftProtobuf.plist -producttype com.apple.product-type.bundle -expandbuildsettings -format binary -platform iphonesimulator -o /Users/apple/Library/Developer/Xcode/DerivedData/lms_project-dxtorljvagkdgcbgecurirpwriog/Build/Products/Debug-iphonesimulator/SwiftProtobuf_SwiftProtobuf.bundle/Info.plist

ProcessInfoPlistFile /Users/apple/Library/Developer/Xcode/DerivedData/lms_project-dxtorljvagkdgcbgecurirpwriog/Build/Products/Debug-iphonesimulator/swift-crypto_CryptoBoringWrapper.bundle/Info.plist /Users/apple/Library/Developer/Xcode/DerivedData/lms_project-dxtorljvagkdgcbgecurirpwriog/Build/Intermediates.noindex/swift-crypto.build/Debug-iphonesimulator/swift-crypto_CryptoBoringWrapper.build/empty-swift-crypto_CryptoBoringWrapper.plist (in target 'swift-crypto_CryptoBoringWrapper' from project 'swift-crypto')
    cd /Users/apple/Library/Developer/Xcode/DerivedData/lms_project-dxtorljvagkdgcbgecurirpwriog/SourcePackages/checkouts/swift-crypto
    builtin-infoPlistUtility /Users/apple/Library/Developer/Xcode/DerivedData/lms_project-dxtorljvagkdgcbgecurirpwriog/Build/Intermediates.noindex/swift-crypto.build/Debug-iphonesimulator/swift-crypto_CryptoBoringWrapper.build/empty-swift-crypto_CryptoBoringWrapper.plist -producttype com.apple.product-type.bundle -expandbuildsettings -format binary -platform iphonesimulator -o /Users/apple/Library/Developer/Xcode/DerivedData/lms_project-dxtorljvagkdgcbgecurirpwriog/Build/Products/Debug-iphonesimulator/swift-crypto_CryptoBoringWrapper.bundle/Info.plist

ProcessInfoPlistFile /Users/apple/Library/Developer/Xcode/DerivedData/lms_project-dxtorljvagkdgcbgecurirpwriog/Build/Products/Debug-iphonesimulator/swift-crypto_CCryptoBoringSSL.bundle/Info.plist /Users/apple/Library/Developer/Xcode/DerivedData/lms_project-dxtorljvagkdgcbgecurirpwriog/Build/Intermediates.noindex/swift-crypto.build/Debug-iphonesimulator/swift-crypto_CCryptoBoringSSL.build/empty-swift-crypto_CCryptoBoringSSL.plist (in target 'swift-crypto_CCryptoBoringSSL' from project 'swift-crypto')
    cd /Users/apple/Library/Developer/Xcode/DerivedData/lms_project-dxtorljvagkdgcbgecurirpwriog/SourcePackages/checkouts/swift-crypto
    builtin-infoPlistUtility /Users/apple/Library/Developer/Xcode/DerivedData/lms_project-dxtorljvagkdgcbgecurirpwriog/Build/Intermediates.noindex/swift-crypto.build/Debug-iphonesimulator/swift-crypto_CCryptoBoringSSL.build/empty-swift-crypto_CCryptoBoringSSL.plist -producttype com.apple.product-type.bundle -expandbuildsettings -format binary -platform iphonesimulator -o /Users/apple/Library/Developer/Xcode/DerivedData/lms_project-dxtorljvagkdgcbgecurirpwriog/Build/Products/Debug-iphonesimulator/swift-crypto_CCryptoBoringSSL.bundle/Info.plist

SwiftDriver lms_project normal x86_64 com.apple.xcode.tools.swift.compiler (in target 'lms_project' from project 'lms_project')
    cd /Users/apple/Desktop/lms_project
    builtin-SwiftDriver -- /Applications/Xcode.app/Contents/Developer/Toolchains/XcodeDefault.xctoolchain/usr/bin/swiftc -module-name lms_project -Onone @/Users/apple/Library/Developer/Xcode/DerivedData/lms_project-dxtorljvagkdgcbgecurirpwriog/Build/Intermediates.noindex/lms_project.build/Debug-iphonesimulator/lms_project.build/Objects-normal/x86_64/lms_project.SwiftFileList -DDEBUG -Xcc -fmodule-map-file\=/Users/apple/Library/Developer/Xcode/DerivedData/lms_project-dxtorljvagkdgcbgecurirpwriog/Build/Intermediates.noindex/GeneratedModuleMaps-iphonesimulator/CNIOLLHTTP.modulemap -Xcc -fmodule-map-file\=/Users/apple/Library/Developer/Xcode/DerivedData/lms_project-dxtorljvagkdgcbgecurirpwriog/Build/Intermediates.noindex/GeneratedModuleMaps-iphonesimulator/CNIOBoringSSLShims.modulemap -Xcc -fmodule-map-file\=/Users/apple/Library/Developer/Xcode/DerivedData/lms_project-dxtorljvagkdgcbgecurirpwriog/Build/Intermediates.noindex/GeneratedModuleMaps-iphonesimulator/CNIOPosix.modulemap -Xcc -fmodule-map-file\=/Users/apple/Library/Developer/Xcode/DerivedData/lms_project-dxtorljvagkdgcbgecurirpwriog/Build/Intermediates.noindex/GeneratedModuleMaps-iphonesimulator/CNIOWASI.modulemap -Xcc -fmodule-map-file\=/Users/apple/Library/Developer/Xcode/DerivedData/lms_project-dxtorljvagkdgcbgecurirpwriog/Build/Intermediates.noindex/GeneratedModuleMaps-iphonesimulator/CNIOLinux.modulemap -Xcc -fmodule-map-file\=/Users/apple/Library/Developer/Xcode/DerivedData/lms_project-dxtorljvagkdgcbgecurirpwriog/Build/Intermediates.noindex/GeneratedModuleMaps-iphonesimulator/CNIODarwin.modulemap -Xcc -fmodule-map-file\=/Users/apple/Library/Developer/Xcode/DerivedData/lms_project-dxtorljvagkdgcbgecurirpwriog/Build/Intermediates.noindex/GeneratedModuleMaps-iphonesimulator/CNIOOpenBSD.modulemap -Xcc -fmodule-map-file\=/Users/apple/Library/Developer/Xcode/DerivedData/lms_project-dxtorljvagkdgcbgecurirpwriog/Build/Intermediates.noindex/GeneratedModuleMaps-iphonesimulator/CNIOAtomics.modulemap -Xcc -fmodule-map-file\=/Users/apple/Library/Developer/Xcode/DerivedData/lms_project-dxtorljvagkdgcbgecurirpwriog/Build/Intermediates.noindex/GeneratedModuleMaps-iphonesimulator/CGRPCNIOTransportZlib.modulemap -enable-bare-slash-regex -enable-upcoming-feature DisableOutwardActorInference -enable-upcoming-feature InferSendableFromCaptures -enable-upcoming-feature GlobalActorIsolatedTypesUsability -enable-upcoming-feature MemberImportVisibility -enable-upcoming-feature InferIsolatedConformances -enable-upcoming-feature NonisolatedNonsendingByDefault -enable-experimental-feature DebugDescriptionMacro -sdk /Applications/Xcode.app/Contents/Developer/Platforms/iPhoneSimulator.platform/Developer/SDKs/iPhoneSimulator26.4.sdk -target x86_64-apple-ios26.0-simulator -g -module-cache-path /Users/apple/Library/Developer/Xcode/DerivedData/ModuleCache.noindex -Xfrontend -serialize-debugging-options -enable-testing -index-store-path /Users/apple/Library/Developer/Xcode/DerivedData/lms_project-dxtorljvagkdgcbgecurirpwriog/Index.noindex/DataStore -Xcc -D_LIBCPP_HARDENING_MODE\=_LIBCPP_HARDENING_MODE_DEBUG -swift-version 5 -I /Users/apple/Library/Developer/Xcode/DerivedData/lms_project-dxtorljvagkdgcbgecurirpwriog/Build/Products/Debug-iphonesimulator -F /Users/apple/Library/Developer/Xcode/DerivedData/lms_project-dxtorljvagkdgcbgecurirpwriog/Build/Products/Debug-iphonesimulator/PackageFrameworks -F /Users/apple/Library/Developer/Xcode/DerivedData/lms_project-dxtorljvagkdgcbgecurirpwriog/Build/Products/Debug-iphonesimulator/PackageFrameworks -F /Users/apple/Library/Developer/Xcode/DerivedData/lms_project-dxtorljvagkdgcbgecurirpwriog/Build/Products/Debug-iphonesimulator/PackageFrameworks -F /Users/apple/Library/Developer/Xcode/DerivedData/lms_project-dxtorljvagkdgcbgecurirpwriog/Build/Products/Debug-iphonesimulator/PackageFrameworks -F /Users/apple/Library/Developer/Xcode/DerivedData/lms_project-dxtorljvagkdgcbgecurirpwriog/Build/Products/Debug-iphonesimulator/PackageFrameworks -F /Users/apple/Library/Developer/Xcode/DerivedData/lms_project-dxtorljvagkdgcbgecurirpwriog/Build/Products/Debug-iphonesimulator/PackageFrameworks -F /Users/apple/Library/Developer/Xcode/DerivedData/lms_project-dxtorljvagkdgcbgecurirpwriog/Build/Products/Debug-iphonesimulator/PackageFrameworks -F /Users/apple/Library/Developer/Xcode/DerivedData/lms_project-dxtorljvagkdgcbgecurirpwriog/Build/Products/Debug-iphonesimulator/PackageFrameworks -F /Users/apple/Library/Developer/Xcode/DerivedData/lms_project-dxtorljvagkdgcbgecurirpwriog/Build/Products/Debug-iphonesimulator/PackageFrameworks -F /Users/apple/Library/Developer/Xcode/DerivedData/lms_project-dxtorljvagkdgcbgecurirpwriog/Build/Products/Debug-iphonesimulator/PackageFrameworks -F /Users/apple/Library/Developer/Xcode/DerivedData/lms_project-dxtorljvagkdgcbgecurirpwriog/Build/Products/Debug-iphonesimulator/PackageFrameworks -F /Users/apple/Library/Developer/Xcode/DerivedData/lms_project-dxtorljvagkdgcbgecurirpwriog/Build/Products/Debug-iphonesimulator/PackageFrameworks -F /Users/apple/Library/Developer/Xcode/DerivedData/lms_project-dxtorljvagkdgcbgecurirpwriog/Build/Products/Debug-iphonesimulator/PackageFrameworks -F /Users/apple/Library/Developer/Xcode/DerivedData/lms_project-dxtorljvagkdgcbgecurirpwriog/Build/Products/Debug-iphonesimulator/PackageFrameworks -F /Users/apple/Library/Developer/Xcode/DerivedData/lms_project-dxtorljvagkdgcbgecurirpwriog/Build/Products/Debug-iphonesimulator/PackageFrameworks -F /Users/apple/Library/Developer/Xcode/DerivedData/lms_project-dxtorljvagkdgcbgecurirpwriog/Build/Products/Debug-iphonesimulator/PackageFrameworks -F /Users/apple/Library/Developer/Xcode/DerivedData/lms_project-dxtorljvagkdgcbgecurirpwriog/Build/Products/Debug-iphonesimulator/PackageFrameworks -F /Users/apple/Library/Developer/Xcode/DerivedData/lms_project-dxtorljvagkdgcbgecurirpwriog/Build/Products/Debug-iphonesimulator/PackageFrameworks -F /Users/apple/Library/Developer/Xcode/DerivedData/lms_project-dxtorljvagkdgcbgecurirpwriog/Build/Products/Debug-iphonesimulator/PackageFrameworks -F /Users/apple/Library/Developer/Xcode/DerivedData/lms_project-dxtorljvagkdgcbgecurirpwriog/Build/Products/Debug-iphonesimulator/PackageFrameworks -F /Users/apple/Library/Developer/Xcode/DerivedData/lms_project-dxtorljvagkdgcbgecurirpwriog/Build/Products/Debug-iphonesimulator/PackageFrameworks -F /Users/apple/Library/Developer/Xcode/DerivedData/lms_project-dxtorljvagkdgcbgecurirpwriog/Build/Products/Debug-iphonesimulator/PackageFrameworks -F /Users/apple/Library/Developer/Xcode/DerivedData/lms_project-dxtorljvagkdgcbgecurirpwriog/Build/Products/Debug-iphonesimulator/PackageFrameworks -F /Users/apple/Library/Developer/Xcode/DerivedData/lms_project-dxtorljvagkdgcbgecurirpwriog/Build/Products/Debug-iphonesimulator/PackageFrameworks -F /Users/apple/Library/Developer/Xcode/DerivedData/lms_project-dxtorljvagkdgcbgecurirpwriog/Build/Products/Debug-iphonesimulator/PackageFrameworks -F /Users/apple/Library/Developer/Xcode/DerivedData/lms_project-dxtorljvagkdgcbgecurirpwriog/Build/Products/Debug-iphonesimulator/PackageFrameworks -F /Users/apple/Library/Developer/Xcode/DerivedData/lms_project-dxtorljvagkdgcbgecurirpwriog/Build/Products/Debug-iphonesimulator/PackageFrameworks -F /Users/apple/Library/Developer/Xcode/DerivedData/lms_project-dxtorljvagkdgcbgecurirpwriog/Build/Products/Debug-iphonesimulator/PackageFrameworks -F /Users/apple/Library/Developer/Xcode/DerivedData/lms_project-dxtorljvagkdgcbgecurirpwriog/Build/Products/Debug-iphonesimulator/PackageFrameworks -F /Users/apple/Library/Developer/Xcode/DerivedData/lms_project-dxtorljvagkdgcbgecurirpwriog/Build/Products/Debug-iphonesimulator/PackageFrameworks -F /Users/apple/Library/Developer/Xcode/DerivedData/lms_project-dxtorljvagkdgcbgecurirpwriog/Build/Products/Debug-iphonesimulator/PackageFrameworks -F /Users/apple/Library/Developer/Xcode/DerivedData/lms_project-dxtorljvagkdgcbgecurirpwriog/Build/Products/Debug-iphonesimulator/PackageFrameworks -F /Users/apple/Library/Developer/Xcode/DerivedData/lms_project-dxtorljvagkdgcbgecurirpwriog/Build/Products/Debug-iphonesimulator/PackageFrameworks -F /Users/apple/Library/Developer/Xcode/DerivedData/lms_project-dxtorljvagkdgcbgecurirpwriog/Build/Products/Debug-iphonesimulator/PackageFrameworks -F /Users/apple/Library/Developer/Xcode/DerivedData/lms_project-dxtorljvagkdgcbgecurirpwriog/Build/Products/Debug-iphonesimulator/PackageFrameworks -F /Users/apple/Library/Developer/Xcode/DerivedData/lms_project-dxtorljvagkdgcbgecurirpwriog/Build/Products/Debug-iphonesimulator/PackageFrameworks -F /Users/apple/Library/Developer/Xcode/DerivedData/lms_project-dxtorljvagkdgcbgecurirpwriog/Build/Products/Debug-iphonesimulator/PackageFrameworks -F /Users/apple/Library/Developer/Xcode/DerivedData/lms_project-dxtorljvagkdgcbgecurirpwriog/Build/Products/Debug-iphonesimulator/PackageFrameworks -F /Users/apple/Library/Developer/Xcode/DerivedData/lms_project-dxtorljvagkdgcbgecurirpwriog/Build/Products/Debug-iphonesimulator/PackageFrameworks -F /Users/apple/Library/Developer/Xcode/DerivedData/lms_project-dxtorljvagkdgcbgecurirpwriog/Build/Products/Debug-iphonesimulator/PackageFrameworks -F /Users/apple/Library/Developer/Xcode/DerivedData/lms_project-dxtorljvagkdgcbgecurirpwriog/Build/Products/Debug-iphonesimulator/PackageFrameworks -F /Users/apple/Library/Developer/Xcode/DerivedData/lms_project-dxtorljvagkdgcbgecurirpwriog/Build/Products/Debug-iphonesimulator/PackageFrameworks -F /Users/apple/Library/Developer/Xcode/DerivedData/lms_project-dxtorljvagkdgcbgecurirpwriog/Build/Products/Debug-iphonesimulator/PackageFrameworks -F /Users/apple/Library/Developer/Xcode/DerivedData/lms_project-dxtorljvagkdgcbgecurirpwriog/Build/Products/Debug-iphonesimulator/PackageFrameworks -F /Users/apple/Library/Developer/Xcode/DerivedData/lms_project-dxtorljvagkdgcbgecurirpwriog/Build/Products/Debug-iphonesimulator/PackageFrameworks -F /Users/apple/Library/Developer/Xcode/DerivedData/lms_project-dxtorljvagkdgcbgecurirpwriog/Build/Products/Debug-iphonesimulator/PackageFrameworks -F /Users/apple/Library/Developer/Xcode/DerivedData/lms_project-dxtorljvagkdgcbgecurirpwriog/Build/Products/Debug-iphonesimulator/PackageFrameworks -F /Users/apple/Library/Developer/Xcode/DerivedData/lms_project-dxtorljvagkdgcbgecurirpwriog/Build/Products/Debug-iphonesimulator/PackageFrameworks -F /Users/apple/Library/Developer/Xcode/DerivedData/lms_project-dxtorljvagkdgcbgecurirpwriog/Build/Products/Debug-iphonesimulator/PackageFrameworks -F /Users/apple/Library/Developer/Xcode/DerivedData/lms_project-dxtorljvagkdgcbgecurirpwriog/Build/Products/Debug-iphonesimulator/PackageFrameworks -F /Users/apple/Library/Developer/Xcode/DerivedData/lms_project-dxtorljvagkdgcbgecurirpwriog/Build/Products/Debug-iphonesimulator/PackageFrameworks -F /Users/apple/Library/Developer/Xcode/DerivedData/lms_project-dxtorljvagkdgcbgecurirpwriog/Build/Products/Debug-iphonesimulator/PackageFrameworks -F /Users/apple/Library/Developer/Xcode/DerivedData/lms_project-dxtorljvagkdgcbgecurirpwriog/Build/Products/Debug-iphonesimulator/PackageFrameworks -F /Users/apple/Library/Developer/Xcode/DerivedData/lms_project-dxtorljvagkdgcbgecurirpwriog/Build/Products/Debug-iphonesimulator/PackageFrameworks -F /Users/apple/Library/Developer/Xcode/DerivedData/lms_project-dxtorljvagkdgcbgecurirpwriog/Build/Products/Debug-iphonesimulator -emit-localized-strings -emit-localized-strings-path /Users/apple/Library/Developer/Xcode/DerivedData/lms_project-dxtorljvagkdgcbgecurirpwriog/Build/Intermediates.noindex/lms_project.build/Debug-iphonesimulator/lms_project.build/Objects-normal/x86_64 -c -j8 -enable-batch-mode -incremental -Xcc -ivfsstatcache -Xcc /Users/apple/Library/Developer/Xcode/DerivedData/SDKStatCaches.noindex/iphonesimulator26.4-23E237-686eebb5dc1d8ecb277353a59184f4aa.sdkstatcache -output-file-map /Users/apple/Library/Developer/Xcode/DerivedData/lms_project-dxtorljvagkdgcbgecurirpwriog/Build/Intermediates.noindex/lms_project.build/Debug-iphonesimulator/lms_project.build/Objects-normal/x86_64/lms_project-OutputFileMap.json -use-frontend-parseable-output -save-temps -no-color-diagnostics -explicit-module-build -module-cache-path /Users/apple/Library/Developer/Xcode/DerivedData/lms_project-dxtorljvagkdgcbgecurirpwriog/Build/Intermediates.noindex/SwiftExplicitPrecompiledModules -clang-scanner-module-cache-path /Users/apple/Library/Developer/Xcode/DerivedData/ModuleCache.noindex -sdk-module-cache-path /Users/apple/Library/Developer/Xcode/DerivedData/ModuleCache.noindex -serialize-diagnostics -emit-dependencies -emit-module -emit-module-path /Users/apple/Library/Developer/Xcode/DerivedData/lms_project-dxtorljvagkdgcbgecurirpwriog/Build/Intermediates.noindex/lms_project.build/Debug-iphonesimulator/lms_project.build/Objects-normal/x86_64/lms_project.swiftmodule -validate-clang-modules-once -clang-build-session-file /Users/apple/Library/Developer/Xcode/DerivedData/ModuleCache.noindex/Session.modulevalidation -Xcc -I/Users/apple/Library/Developer/Xcode/DerivedData/lms_project-dxtorljvagkdgcbgecurirpwriog/Build/Intermediates.noindex/lms_project.build/Debug-iphonesimulator/lms_project.build/swift-overrides.hmap -emit-const-values -Xfrontend -const-gather-protocols-file -Xfrontend /Users/apple/Library/Developer/Xcode/DerivedData/lms_project-dxtorljvagkdgcbgecurirpwriog/Build/Intermediates.noindex/lms_project.build/Debug-iphonesimulator/lms_project.build/Objects-normal/x86_64/lms_project_const_extract_protocols.json -Xcc -iquote -Xcc /Users/apple/Library/Developer/Xcode/DerivedData/lms_project-dxtorljvagkdgcbgecurirpwriog/Build/Intermediates.noindex/lms_project.build/Debug-iphonesimulator/lms_project.build/lms_project-generated-files.hmap -Xcc -I/Users/apple/Library/Developer/Xcode/DerivedData/lms_project-dxtorljvagkdgcbgecurirpwriog/Build/Intermediates.noindex/lms_project.build/Debug-iphonesimulator/lms_project.build/lms_project-own-target-headers.hmap -Xcc -I/Users/apple/Library/Developer/Xcode/DerivedData/lms_project-dxtorljvagkdgcbgecurirpwriog/Build/Intermediates.noindex/lms_project.build/Debug-iphonesimulator/lms_project.build/lms_project-all-non-framework-target-headers.hmap -Xcc -ivfsoverlay -Xcc /Users/apple/Library/Developer/Xcode/DerivedData/lms_project-dxtorljvagkdgcbgecurirpwriog/Build/Intermediates.noindex/lms_project.build/Debug-iphonesimulator/lms_project-8a2c33fab50cce14b1a0f6753b2fabda-VFS-iphonesimulator/all-product-headers.yaml -Xcc -iquote -Xcc /Users/apple/Library/Developer/Xcode/DerivedData/lms_project-dxtorljvagkdgcbgecurirpwriog/Build/Intermediates.noindex/lms_project.build/Debug-iphonesimulator/lms_project.build/lms_project-project-headers.hmap -Xcc -I/Users/apple/Library/Developer/Xcode/DerivedData/lms_project-dxtorljvagkdgcbgecurirpwriog/SourcePackages/checkouts/swift-nio/Sources/CNIOLLHTTP/include -Xcc -I/Users/apple/Library/Developer/Xcode/DerivedData/lms_project-dxtorljvagkdgcbgecurirpwriog/SourcePackages/checkouts/swift-nio-ssl/Sources/CNIOBoringSSLShims/include -Xcc -I/Users/apple/Library/Developer/Xcode/DerivedData/lms_project-dxtorljvagkdgcbgecurirpwriog/SourcePackages/checkouts/swift-nio-ssl/Sources/CNIOBoringSSL/include -Xcc -I/Users/apple/Library/Developer/Xcode/DerivedData/lms_project-dxtorljvagkdgcbgecurirpwriog/SourcePackages/checkouts/swift-crypto/Sources/CCryptoBoringSSLShims/include -Xcc -I/Users/apple/Library/Developer/Xcode/DerivedData/lms_project-dxtorljvagkdgcbgecurirpwriog/SourcePackages/checkouts/swift-crypto/Sources/CCryptoBoringSSL/include -Xcc -I/Users/apple/Library/Developer/Xcode/DerivedData/lms_project-dxtorljvagkdgcbgecurirpwriog/SourcePackages/checkouts/swift-nio/Sources/CNIOPosix/include -Xcc -I/Users/apple/Library/Developer/Xcode/DerivedData/lms_project-dxtorljvagkdgcbgecurirpwriog/SourcePackages/checkouts/swift-nio/Sources/CNIOWASI/include -Xcc -I/Users/apple/Library/Developer/Xcode/DerivedData/lms_project-dxtorljvagkdgcbgecurirpwriog/SourcePackages/checkouts/swift-nio/Sources/CNIOWindows/include -Xcc -I/Users/apple/Library/Developer/Xcode/DerivedData/lms_project-dxtorljvagkdgcbgecurirpwriog/SourcePackages/checkouts/swift-nio/Sources/CNIOLinux/include -Xcc -I/Users/apple/Library/Developer/Xcode/DerivedData/lms_project-dxtorljvagkdgcbgecurirpwriog/SourcePackages/checkouts/swift-nio/Sources/CNIODarwin/include -Xcc -I/Users/apple/Library/Developer/Xcode/DerivedData/lms_project-dxtorljvagkdgcbgecurirpwriog/SourcePackages/checkouts/swift-nio/Sources/CNIOOpenBSD/include -Xcc -I/Users/apple/Library/Developer/Xcode/DerivedData/lms_project-dxtorljvagkdgcbgecurirpwriog/SourcePackages/checkouts/swift-nio/Sources/CNIOAtomics/include -Xcc -I/Users/apple/Library/Developer/Xcode/DerivedData/lms_project-dxtorljvagkdgcbgecurirpwriog/SourcePackages/checkouts/swift-atomics/Sources/_AtomicsShims/include -Xcc -I/Users/apple/Library/Developer/Xcode/DerivedData/lms_project-dxtorljvagkdgcbgecurirpwriog/SourcePackages/checkouts/grpc-swift-nio-transport/Sources/CGRPCNIOTransportZlib/include -Xcc -I/Users/apple/Library/Developer/Xcode/DerivedData/lms_project-dxtorljvagkdgcbgecurirpwriog/Build/Products/Debug-iphonesimulator/include -Xcc -I/Users/apple/Library/Developer/Xcode/DerivedData/lms_project-dxtorljvagkdgcbgecurirpwriog/Build/Intermediates.noindex/lms_project.build/Debug-iphonesimulator/lms_project.build/DerivedSources-normal/x86_64 -Xcc -I/Users/apple/Library/Developer/Xcode/DerivedData/lms_project-dxtorljvagkdgcbgecurirpwriog/Build/Intermediates.noindex/lms_project.build/Debug-iphonesimulator/lms_project.build/DerivedSources/x86_64 -Xcc -I/Users/apple/Library/Developer/Xcode/DerivedData/lms_project-dxtorljvagkdgcbgecurirpwriog/Build/Intermediates.noindex/lms_project.build/Debug-iphonesimulator/lms_project.build/DerivedSources -Xcc -DDEBUG\=1 -emit-objc-header -emit-objc-header-path /Users/apple/Library/Developer/Xcode/DerivedData/lms_project-dxtorljvagkdgcbgecurirpwriog/Build/Intermediates.noindex/lms_project.build/Debug-iphonesimulator/lms_project.build/Objects-normal/x86_64/lms_project-Swift.h -working-directory /Users/apple/Desktop/lms_project -experimental-emit-module-separately -disable-cmo
/Users/apple/Desktop/lms_project/lms_project/Core/Models/Enums.swift:196:1: error: extraneous '}' at top level
}
^
/Users/apple/Desktop/lms_project/lms_project/Core/Models/Enums.swift:196:1: error: extraneous '}' at top level
}
^
/Users/apple/Desktop/lms_project/lms_project/Core/Models/Enums.swift:196:1: error: Extraneous '}' at top level
}
^ (in target 'lms_project' from project 'lms_project')

SwiftDriver lms_project normal arm64 com.apple.xcode.tools.swift.compiler (in target 'lms_project' from project 'lms_project')
    cd /Users/apple/Desktop/lms_project
    builtin-SwiftDriver -- /Applications/Xcode.app/Contents/Developer/Toolchains/XcodeDefault.xctoolchain/usr/bin/swiftc -module-name lms_project -Onone @/Users/apple/Library/Developer/Xcode/DerivedData/lms_project-dxtorljvagkdgcbgecurirpwriog/Build/Intermediates.noindex/lms_project.build/Debug-iphonesimulator/lms_project.build/Objects-normal/arm64/lms_project.SwiftFileList -DDEBUG -Xcc -fmodule-map-file\=/Users/apple/Library/Developer/Xcode/DerivedData/lms_project-dxtorljvagkdgcbgecurirpwriog/Build/Intermediates.noindex/GeneratedModuleMaps-iphonesimulator/CNIOLLHTTP.modulemap -Xcc -fmodule-map-file\=/Users/apple/Library/Developer/Xcode/DerivedData/lms_project-dxtorljvagkdgcbgecurirpwriog/Build/Intermediates.noindex/GeneratedModuleMaps-iphonesimulator/CNIOBoringSSLShims.modulemap -Xcc -fmodule-map-file\=/Users/apple/Library/Developer/Xcode/DerivedData/lms_project-dxtorljvagkdgcbgecurirpwriog/Build/Intermediates.noindex/GeneratedModuleMaps-iphonesimulator/CNIOPosix.modulemap -Xcc -fmodule-map-file\=/Users/apple/Library/Developer/Xcode/DerivedData/lms_project-dxtorljvagkdgcbgecurirpwriog/Build/Intermediates.noindex/GeneratedModuleMaps-iphonesimulator/CNIOWASI.modulemap -Xcc -fmodule-map-file\=/Users/apple/Library/Developer/Xcode/DerivedData/lms_project-dxtorljvagkdgcbgecurirpwriog/Build/Intermediates.noindex/GeneratedModuleMaps-iphonesimulator/CNIOLinux.modulemap -Xcc -fmodule-map-file\=/Users/apple/Library/Developer/Xcode/DerivedData/lms_project-dxtorljvagkdgcbgecurirpwriog/Build/Intermediates.noindex/GeneratedModuleMaps-iphonesimulator/CNIODarwin.modulemap -Xcc -fmodule-map-file\=/Users/apple/Library/Developer/Xcode/DerivedData/lms_project-dxtorljvagkdgcbgecurirpwriog/Build/Intermediates.noindex/GeneratedModuleMaps-iphonesimulator/CNIOOpenBSD.modulemap -Xcc -fmodule-map-file\=/Users/apple/Library/Developer/Xcode/DerivedData/lms_project-dxtorljvagkdgcbgecurirpwriog/Build/Intermediates.noindex/GeneratedModuleMaps-iphonesimulator/CNIOAtomics.modulemap -Xcc -fmodule-map-file\=/Users/apple/Library/Developer/Xcode/DerivedData/lms_project-dxtorljvagkdgcbgecurirpwriog/Build/Intermediates.noindex/GeneratedModuleMaps-iphonesimulator/CGRPCNIOTransportZlib.modulemap -enable-bare-slash-regex -enable-upcoming-feature DisableOutwardActorInference -enable-upcoming-feature InferSendableFromCaptures -enable-upcoming-feature GlobalActorIsolatedTypesUsability -enable-upcoming-feature MemberImportVisibility -enable-upcoming-feature InferIsolatedConformances -enable-upcoming-feature NonisolatedNonsendingByDefault -enable-experimental-feature DebugDescriptionMacro -sdk /Applications/Xcode.app/Contents/Developer/Platforms/iPhoneSimulator.platform/Developer/SDKs/iPhoneSimulator26.4.sdk -target arm64-apple-ios26.0-simulator -g -module-cache-path /Users/apple/Library/Developer/Xcode/DerivedData/ModuleCache.noindex -Xfrontend -serialize-debugging-options -enable-testing -index-store-path /Users/apple/Library/Developer/Xcode/DerivedData/lms_project-dxtorljvagkdgcbgecurirpwriog/Index.noindex/DataStore -Xcc -D_LIBCPP_HARDENING_MODE\=_LIBCPP_HARDENING_MODE_DEBUG -swift-version 5 -I /Users/apple/Library/Developer/Xcode/DerivedData/lms_project-dxtorljvagkdgcbgecurirpwriog/Build/Products/Debug-iphonesimulator -F /Users/apple/Library/Developer/Xcode/DerivedData/lms_project-dxtorljvagkdgcbgecurirpwriog/Build/Products/Debug-iphonesimulator/PackageFrameworks -F /Users/apple/Library/Developer/Xcode/DerivedData/lms_project-dxtorljvagkdgcbgecurirpwriog/Build/Products/Debug-iphonesimulator/PackageFrameworks -F /Users/apple/Library/Developer/Xcode/DerivedData/lms_project-dxtorljvagkdgcbgecurirpwriog/Build/Products/Debug-iphonesimulator/PackageFrameworks -F /Users/apple/Library/Developer/Xcode/DerivedData/lms_project-dxtorljvagkdgcbgecurirpwriog/Build/Products/Debug-iphonesimulator/PackageFrameworks -F /Users/apple/Library/Developer/Xcode/DerivedData/lms_project-dxtorljvagkdgcbgecurirpwriog/Build/Products/Debug-iphonesimulator/PackageFrameworks -F /Users/apple/Library/Developer/Xcode/DerivedData/lms_project-dxtorljvagkdgcbgecurirpwriog/Build/Products/Debug-iphonesimulator/PackageFrameworks -F /Users/apple/Library/Developer/Xcode/DerivedData/lms_project-dxtorljvagkdgcbgecurirpwriog/Build/Products/Debug-iphonesimulator/PackageFrameworks -F /Users/apple/Library/Developer/Xcode/DerivedData/lms_project-dxtorljvagkdgcbgecurirpwriog/Build/Products/Debug-iphonesimulator/PackageFrameworks -F /Users/apple/Library/Developer/Xcode/DerivedData/lms_project-dxtorljvagkdgcbgecurirpwriog/Build/Products/Debug-iphonesimulator/PackageFrameworks -F /Users/apple/Library/Developer/Xcode/DerivedData/lms_project-dxtorljvagkdgcbgecurirpwriog/Build/Products/Debug-iphonesimulator/PackageFrameworks -F /Users/apple/Library/Developer/Xcode/DerivedData/lms_project-dxtorljvagkdgcbgecurirpwriog/Build/Products/Debug-iphonesimulator/PackageFrameworks -F /Users/apple/Library/Developer/Xcode/DerivedData/lms_project-dxtorljvagkdgcbgecurirpwriog/Build/Products/Debug-iphonesimulator/PackageFrameworks -F /Users/apple/Library/Developer/Xcode/DerivedData/lms_project-dxtorljvagkdgcbgecurirpwriog/Build/Products/Debug-iphonesimulator/PackageFrameworks -F /Users/apple/Library/Developer/Xcode/DerivedData/lms_project-dxtorljvagkdgcbgecurirpwriog/Build/Products/Debug-iphonesimulator/PackageFrameworks -F /Users/apple/Library/Developer/Xcode/DerivedData/lms_project-dxtorljvagkdgcbgecurirpwriog/Build/Products/Debug-iphonesimulator/PackageFrameworks -F /Users/apple/Library/Developer/Xcode/DerivedData/lms_project-dxtorljvagkdgcbgecurirpwriog/Build/Products/Debug-iphonesimulator/PackageFrameworks -F /Users/apple/Library/Developer/Xcode/DerivedData/lms_project-dxtorljvagkdgcbgecurirpwriog/Build/Products/Debug-iphonesimulator/PackageFrameworks -F /Users/apple/Library/Developer/Xcode/DerivedData/lms_project-dxtorljvagkdgcbgecurirpwriog/Build/Products/Debug-iphonesimulator/PackageFrameworks -F /Users/apple/Library/Developer/Xcode/DerivedData/lms_project-dxtorljvagkdgcbgecurirpwriog/Build/Products/Debug-iphonesimulator/PackageFrameworks -F /Users/apple/Library/Developer/Xcode/DerivedData/lms_project-dxtorljvagkdgcbgecurirpwriog/Build/Products/Debug-iphonesimulator/PackageFrameworks -F /Users/apple/Library/Developer/Xcode/DerivedData/lms_project-dxtorljvagkdgcbgecurirpwriog/Build/Products/Debug-iphonesimulator/PackageFrameworks -F /Users/apple/Library/Developer/Xcode/DerivedData/lms_project-dxtorljvagkdgcbgecurirpwriog/Build/Products/Debug-iphonesimulator/PackageFrameworks -F /Users/apple/Library/Developer/Xcode/DerivedData/lms_project-dxtorljvagkdgcbgecurirpwriog/Build/Products/Debug-iphonesimulator/PackageFrameworks -F /Users/apple/Library/Developer/Xcode/DerivedData/lms_project-dxtorljvagkdgcbgecurirpwriog/Build/Products/Debug-iphonesimulator/PackageFrameworks -F /Users/apple/Library/Developer/Xcode/DerivedData/lms_project-dxtorljvagkdgcbgecurirpwriog/Build/Products/Debug-iphonesimulator/PackageFrameworks -F /Users/apple/Library/Developer/Xcode/DerivedData/lms_project-dxtorljvagkdgcbgecurirpwriog/Build/Products/Debug-iphonesimulator/PackageFrameworks -F /Users/apple/Library/Developer/Xcode/DerivedData/lms_project-dxtorljvagkdgcbgecurirpwriog/Build/Products/Debug-iphonesimulator/PackageFrameworks -F /Users/apple/Library/Developer/Xcode/DerivedData/lms_project-dxtorljvagkdgcbgecurirpwriog/Build/Products/Debug-iphonesimulator/PackageFrameworks -F /Users/apple/Library/Developer/Xcode/DerivedData/lms_project-dxtorljvagkdgcbgecurirpwriog/Build/Products/Debug-iphonesimulator/PackageFrameworks -F /Users/apple/Library/Developer/Xcode/DerivedData/lms_project-dxtorljvagkdgcbgecurirpwriog/Build/Products/Debug-iphonesimulator/PackageFrameworks -F /Users/apple/Library/Developer/Xcode/DerivedData/lms_project-dxtorljvagkdgcbgecurirpwriog/Build/Products/Debug-iphonesimulator/PackageFrameworks -F /Users/apple/Library/Developer/Xcode/DerivedData/lms_project-dxtorljvagkdgcbgecurirpwriog/Build/Products/Debug-iphonesimulator/PackageFrameworks -F /Users/apple/Library/Developer/Xcode/DerivedData/lms_project-dxtorljvagkdgcbgecurirpwriog/Build/Products/Debug-iphonesimulator/PackageFrameworks -F /Users/apple/Library/Developer/Xcode/DerivedData/lms_project-dxtorljvagkdgcbgecurirpwriog/Build/Products/Debug-iphonesimulator/PackageFrameworks -F /Users/apple/Library/Developer/Xcode/DerivedData/lms_project-dxtorljvagkdgcbgecurirpwriog/Build/Products/Debug-iphonesimulator/PackageFrameworks -F /Users/apple/Library/Developer/Xcode/DerivedData/lms_project-dxtorljvagkdgcbgecurirpwriog/Build/Products/Debug-iphonesimulator/PackageFrameworks -F /Users/apple/Library/Developer/Xcode/DerivedData/lms_project-dxtorljvagkdgcbgecurirpwriog/Build/Products/Debug-iphonesimulator/PackageFrameworks -F /Users/apple/Library/Developer/Xcode/DerivedData/lms_project-dxtorljvagkdgcbgecurirpwriog/Build/Products/Debug-iphonesimulator/PackageFrameworks -F /Users/apple/Library/Developer/Xcode/DerivedData/lms_project-dxtorljvagkdgcbgecurirpwriog/Build/Products/Debug-iphonesimulator/PackageFrameworks -F /Users/apple/Library/Developer/Xcode/DerivedData/lms_project-dxtorljvagkdgcbgecurirpwriog/Build/Products/Debug-iphonesimulator/PackageFrameworks -F /Users/apple/Library/Developer/Xcode/DerivedData/lms_project-dxtorljvagkdgcbgecurirpwriog/Build/Products/Debug-iphonesimulator/PackageFrameworks -F /Users/apple/Library/Developer/Xcode/DerivedData/lms_project-dxtorljvagkdgcbgecurirpwriog/Build/Products/Debug-iphonesimulator/PackageFrameworks -F /Users/apple/Library/Developer/Xcode/DerivedData/lms_project-dxtorljvagkdgcbgecurirpwriog/Build/Products/Debug-iphonesimulator/PackageFrameworks -F /Users/apple/Library/Developer/Xcode/DerivedData/lms_project-dxtorljvagkdgcbgecurirpwriog/Build/Products/Debug-iphonesimulator/PackageFrameworks -F /Users/apple/Library/Developer/Xcode/DerivedData/lms_project-dxtorljvagkdgcbgecurirpwriog/Build/Products/Debug-iphonesimulator/PackageFrameworks -F /Users/apple/Library/Developer/Xcode/DerivedData/lms_project-dxtorljvagkdgcbgecurirpwriog/Build/Products/Debug-iphonesimulator/PackageFrameworks -F /Users/apple/Library/Developer/Xcode/DerivedData/lms_project-dxtorljvagkdgcbgecurirpwriog/Build/Products/Debug-iphonesimulator/PackageFrameworks -F /Users/apple/Library/Developer/Xcode/DerivedData/lms_project-dxtorljvagkdgcbgecurirpwriog/Build/Products/Debug-iphonesimulator/PackageFrameworks -F /Users/apple/Library/Developer/Xcode/DerivedData/lms_project-dxtorljvagkdgcbgecurirpwriog/Build/Products/Debug-iphonesimulator/PackageFrameworks -F /Users/apple/Library/Developer/Xcode/DerivedData/lms_project-dxtorljvagkdgcbgecurirpwriog/Build/Products/Debug-iphonesimulator/PackageFrameworks -F /Users/apple/Library/Developer/Xcode/DerivedData/lms_project-dxtorljvagkdgcbgecurirpwriog/Build/Products/Debug-iphonesimulator/PackageFrameworks -F /Users/apple/Library/Developer/Xcode/DerivedData/lms_project-dxtorljvagkdgcbgecurirpwriog/Build/Products/Debug-iphonesimulator/PackageFrameworks -F /Users/apple/Library/Developer/Xcode/DerivedData/lms_project-dxtorljvagkdgcbgecurirpwriog/Build/Products/Debug-iphonesimulator/PackageFrameworks -F /Users/apple/Library/Developer/Xcode/DerivedData/lms_project-dxtorljvagkdgcbgecurirpwriog/Build/Products/Debug-iphonesimulator/PackageFrameworks -F /Users/apple/Library/Developer/Xcode/DerivedData/lms_project-dxtorljvagkdgcbgecurirpwriog/Build/Products/Debug-iphonesimulator -emit-localized-strings -emit-localized-strings-path /Users/apple/Library/Developer/Xcode/DerivedData/lms_project-dxtorljvagkdgcbgecurirpwriog/Build/Intermediates.noindex/lms_project.build/Debug-iphonesimulator/lms_project.build/Objects-normal/arm64 -c -j8 -enable-batch-mode -incremental -Xcc -ivfsstatcache -Xcc /Users/apple/Library/Developer/Xcode/DerivedData/SDKStatCaches.noindex/iphonesimulator26.4-23E237-686eebb5dc1d8ecb277353a59184f4aa.sdkstatcache -output-file-map /Users/apple/Library/Developer/Xcode/DerivedData/lms_project-dxtorljvagkdgcbgecurirpwriog/Build/Intermediates.noindex/lms_project.build/Debug-iphonesimulator/lms_project.build/Objects-normal/arm64/lms_project-OutputFileMap.json -use-frontend-parseable-output -save-temps -no-color-diagnostics -explicit-module-build -module-cache-path /Users/apple/Library/Developer/Xcode/DerivedData/lms_project-dxtorljvagkdgcbgecurirpwriog/Build/Intermediates.noindex/SwiftExplicitPrecompiledModules -clang-scanner-module-cache-path /Users/apple/Library/Developer/Xcode/DerivedData/ModuleCache.noindex -sdk-module-cache-path /Users/apple/Library/Developer/Xcode/DerivedData/ModuleCache.noindex -serialize-diagnostics -emit-dependencies -emit-module -emit-module-path /Users/apple/Library/Developer/Xcode/DerivedData/lms_project-dxtorljvagkdgcbgecurirpwriog/Build/Intermediates.noindex/lms_project.build/Debug-iphonesimulator/lms_project.build/Objects-normal/arm64/lms_project.swiftmodule -validate-clang-modules-once -clang-build-session-file /Users/apple/Library/Developer/Xcode/DerivedData/ModuleCache.noindex/Session.modulevalidation -Xcc -I/Users/apple/Library/Developer/Xcode/DerivedData/lms_project-dxtorljvagkdgcbgecurirpwriog/Build/Intermediates.noindex/lms_project.build/Debug-iphonesimulator/lms_project.build/swift-overrides.hmap -emit-const-values -Xfrontend -const-gather-protocols-file -Xfrontend /Users/apple/Library/Developer/Xcode/DerivedData/lms_project-dxtorljvagkdgcbgecurirpwriog/Build/Intermediates.noindex/lms_project.build/Debug-iphonesimulator/lms_project.build/Objects-normal/arm64/lms_project_const_extract_protocols.json -Xcc -iquote -Xcc /Users/apple/Library/Developer/Xcode/DerivedData/lms_project-dxtorljvagkdgcbgecurirpwriog/Build/Intermediates.noindex/lms_project.build/Debug-iphonesimulator/lms_project.build/lms_project-generated-files.hmap -Xcc -I/Users/apple/Library/Developer/Xcode/DerivedData/lms_project-dxtorljvagkdgcbgecurirpwriog/Build/Intermediates.noindex/lms_project.build/Debug-iphonesimulator/lms_project.build/lms_project-own-target-headers.hmap -Xcc -I/Users/apple/Library/Developer/Xcode/DerivedData/lms_project-dxtorljvagkdgcbgecurirpwriog/Build/Intermediates.noindex/lms_project.build/Debug-iphonesimulator/lms_project.build/lms_project-all-non-framework-target-headers.hmap -Xcc -ivfsoverlay -Xcc /Users/apple/Library/Developer/Xcode/DerivedData/lms_project-dxtorljvagkdgcbgecurirpwriog/Build/Intermediates.noindex/lms_project.build/Debug-iphonesimulator/lms_project-8a2c33fab50cce14b1a0f6753b2fabda-VFS-iphonesimulator/all-product-headers.yaml -Xcc -iquote -Xcc /Users/apple/Library/Developer/Xcode/DerivedData/lms_project-dxtorljvagkdgcbgecurirpwriog/Build/Intermediates.noindex/lms_project.build/Debug-iphonesimulator/lms_project.build/lms_project-project-headers.hmap -Xcc -I/Users/apple/Library/Developer/Xcode/DerivedData/lms_project-dxtorljvagkdgcbgecurirpwriog/SourcePackages/checkouts/swift-nio/Sources/CNIOLLHTTP/include -Xcc -I/Users/apple/Library/Developer/Xcode/DerivedData/lms_project-dxtorljvagkdgcbgecurirpwriog/SourcePackages/checkouts/swift-nio-ssl/Sources/CNIOBoringSSLShims/include -Xcc -I/Users/apple/Library/Developer/Xcode/DerivedData/lms_project-dxtorljvagkdgcbgecurirpwriog/SourcePackages/checkouts/swift-nio-ssl/Sources/CNIOBoringSSL/include -Xcc -I/Users/apple/Library/Developer/Xcode/DerivedData/lms_project-dxtorljvagkdgcbgecurirpwriog/SourcePackages/checkouts/swift-crypto/Sources/CCryptoBoringSSLShims/include -Xcc -I/Users/apple/Library/Developer/Xcode/DerivedData/lms_project-dxtorljvagkdgcbgecurirpwriog/SourcePackages/checkouts/swift-crypto/Sources/CCryptoBoringSSL/include -Xcc -I/Users/apple/Library/Developer/Xcode/DerivedData/lms_project-dxtorljvagkdgcbgecurirpwriog/SourcePackages/checkouts/swift-nio/Sources/CNIOPosix/include -Xcc -I/Users/apple/Library/Developer/Xcode/DerivedData/lms_project-dxtorljvagkdgcbgecurirpwriog/SourcePackages/checkouts/swift-nio/Sources/CNIOWASI/include -Xcc -I/Users/apple/Library/Developer/Xcode/DerivedData/lms_project-dxtorljvagkdgcbgecurirpwriog/SourcePackages/checkouts/swift-nio/Sources/CNIOWindows/include -Xcc -I/Users/apple/Library/Developer/Xcode/DerivedData/lms_project-dxtorljvagkdgcbgecurirpwriog/SourcePackages/checkouts/swift-nio/Sources/CNIOLinux/include -Xcc -I/Users/apple/Library/Developer/Xcode/DerivedData/lms_project-dxtorljvagkdgcbgecurirpwriog/SourcePackages/checkouts/swift-nio/Sources/CNIODarwin/include -Xcc -I/Users/apple/Library/Developer/Xcode/DerivedData/lms_project-dxtorljvagkdgcbgecurirpwriog/SourcePackages/checkouts/swift-nio/Sources/CNIOOpenBSD/include -Xcc -I/Users/apple/Library/Developer/Xcode/DerivedData/lms_project-dxtorljvagkdgcbgecurirpwriog/SourcePackages/checkouts/swift-nio/Sources/CNIOAtomics/include -Xcc -I/Users/apple/Library/Developer/Xcode/DerivedData/lms_project-dxtorljvagkdgcbgecurirpwriog/SourcePackages/checkouts/swift-atomics/Sources/_AtomicsShims/include -Xcc -I/Users/apple/Library/Developer/Xcode/DerivedData/lms_project-dxtorljvagkdgcbgecurirpwriog/SourcePackages/checkouts/grpc-swift-nio-transport/Sources/CGRPCNIOTransportZlib/include -Xcc -I/Users/apple/Library/Developer/Xcode/DerivedData/lms_project-dxtorljvagkdgcbgecurirpwriog/Build/Products/Debug-iphonesimulator/include -Xcc -I/Users/apple/Library/Developer/Xcode/DerivedData/lms_project-dxtorljvagkdgcbgecurirpwriog/Build/Intermediates.noindex/lms_project.build/Debug-iphonesimulator/lms_project.build/DerivedSources-normal/arm64 -Xcc -I/Users/apple/Library/Developer/Xcode/DerivedData/lms_project-dxtorljvagkdgcbgecurirpwriog/Build/Intermediates.noindex/lms_project.build/Debug-iphonesimulator/lms_project.build/DerivedSources/arm64 -Xcc -I/Users/apple/Library/Developer/Xcode/DerivedData/lms_project-dxtorljvagkdgcbgecurirpwriog/Build/Intermediates.noindex/lms_project.build/Debug-iphonesimulator/lms_project.build/DerivedSources -Xcc -DDEBUG\=1 -emit-objc-header -emit-objc-header-path /Users/apple/Library/Developer/Xcode/DerivedData/lms_project-dxtorljvagkdgcbgecurirpwriog/Build/Intermediates.noindex/lms_project.build/Debug-iphonesimulator/lms_project.build/Objects-normal/arm64/lms_project-Swift.h -working-directory /Users/apple/Desktop/lms_project -experimental-emit-module-separately -disable-cmo
/Users/apple/Desktop/lms_project/lms_project/Core/Models/Enums.swift:196:1: error: Extraneous '}' at top level
}
^ (in target 'lms_project' from project 'lms_project')

ProcessInfoPlistFile /Users/apple/Library/Developer/Xcode/DerivedData/lms_project-dxtorljvagkdgcbgecurirpwriog/Build/Products/Debug-iphonesimulator/lms_project.app/Info.plist /Users/apple/Library/Developer/Xcode/DerivedData/lms_project-dxtorljvagkdgcbgecurirpwriog/Build/Intermediates.noindex/lms_project.build/Debug-iphonesimulator/lms_project.build/empty-lms_project.plist (in target 'lms_project' from project 'lms_project')
    cd /Users/apple/Desktop/lms_project
    builtin-infoPlistUtility /Users/apple/Library/Developer/Xcode/DerivedData/lms_project-dxtorljvagkdgcbgecurirpwriog/Build/Intermediates.noindex/lms_project.build/Debug-iphonesimulator/lms_project.build/empty-lms_project.plist -producttype com.apple.product-type.application -genpkginfo /Users/apple/Library/Developer/Xcode/DerivedData/lms_project-dxtorljvagkdgcbgecurirpwriog/Build/Products/Debug-iphonesimulator/lms_project.app/PkgInfo -expandbuildsettings -format binary -platform iphonesimulator -additionalcontentfile /Users/apple/Library/Developer/Xcode/DerivedData/lms_project-dxtorljvagkdgcbgecurirpwriog/Build/Intermediates.noindex/lms_project.build/Debug-iphonesimulator/lms_project.build/assetcatalog_generated_info.plist -scanforprivacyfile /Users/apple/Library/Developer/Xcode/DerivedData/lms_project-dxtorljvagkdgcbgecurirpwriog/Build/Products/Debug-iphonesimulator/lms_project.app/SwiftProtobuf_SwiftProtobuf.bundle -scanforprivacyfile /Users/apple/Library/Developer/Xcode/DerivedData/lms_project-dxtorljvagkdgcbgecurirpwriog/Build/Products/Debug-iphonesimulator/lms_project.app/swift-crypto_CCryptoBoringSSL.bundle -scanforprivacyfile /Users/apple/Library/Developer/Xcode/DerivedData/lms_project-dxtorljvagkdgcbgecurirpwriog/Build/Products/Debug-iphonesimulator/lms_project.app/swift-crypto_CCryptoBoringSSLShims.bundle -scanforprivacyfile /Users/apple/Library/Developer/Xcode/DerivedData/lms_project-dxtorljvagkdgcbgecurirpwriog/Build/Products/Debug-iphonesimulator/lms_project.app/swift-crypto_Crypto.bundle -scanforprivacyfile /Users/apple/Library/Developer/Xcode/DerivedData/lms_project-dxtorljvagkdgcbgecurirpwriog/Build/Products/Debug-iphonesimulator/lms_project.app/swift-crypto_CryptoBoringWrapper.bundle -scanforprivacyfile /Users/apple/Library/Developer/Xcode/DerivedData/lms_project-dxtorljvagkdgcbgecurirpwriog/Build/Products/Debug-iphonesimulator/lms_project.app/swift-crypto_CryptoExtras.bundle -scanforprivacyfile /Users/apple/Library/Developer/Xcode/DerivedData/lms_project-dxtorljvagkdgcbgecurirpwriog/Build/Products/Debug-iphonesimulator/lms_project.app/swift-nio-ssl_NIOSSL.bundle -scanforprivacyfile /Users/apple/Library/Developer/Xcode/DerivedData/lms_project-dxtorljvagkdgcbgecurirpwriog/Build/Products/Debug-iphonesimulator/lms_project.app/swift-nio_NIOPosix.bundle -o /Users/apple/Library/Developer/Xcode/DerivedData/lms_project-dxtorljvagkdgcbgecurirpwriog/Build/Products/Debug-iphonesimulator/lms_project.app/Info.plist

** BUILD FAILED **


The following build commands failed:
	SwiftDriver lms_project normal x86_64 com.apple.xcode.tools.swift.compiler (in target 'lms_project' from project 'lms_project')
	SwiftDriver lms_project normal arm64 com.apple.xcode.tools.swift.compiler (in target 'lms_project' from project 'lms_project')
	Building project lms_project with scheme lms_project
(3 failures)
